root@ubuntu:/home/al# tail -n 300 /var/log/apache2/access.log
192.42.116.173 - - [29/Dec/2023:06:41:01 +0000] "GET /assets/images/me_banner/300x250-mobile.jpg HTTP/1.1" 200 59267 "https://amkamdam.com/news/bitcoin-news/" "Mozilla/5.0 (X11; Ubuntu; Linux x86_64; rv:109.0) Gecko/20100101 Firefox/116.0"
192.42.116.173 - - [29/Dec/2023:06:41:01 +0000] "GET /test/click-iframe/a.html HTTP/1.1" 200 664 "-" "Mozilla/5.0 (X11; Linux x86_64; rv:109.0) Gecko/20100101 Firefox/117.0"
192.42.116.173 - - [29/Dec/2023:06:41:01 +0000] "GET /assets/images/me_banner/970x250.jpg HTTP/1.1" 200 46421 "https://amkamdam.com/news/bitcoin-news/" "Mozilla/5.0 (X11; Ubuntu; Linux x86_64; rv:109.0) Gecko/20100101 Firefox/116.0"
192.42.116.173 - - [29/Dec/2023:06:41:01 +0000] "GET /assets/images/me_banner/300x600.jpg HTTP/1.1" 200 40795 "https://amkamdam.com/news/bitcoin-news/" "Mozilla/5.0 (X11; Ubuntu; Linux x86_64; rv:109.0) Gecko/20100101 Firefox/116.0"
192.42.116.173 - - [29/Dec/2023:06:41:01 +0000] "GET /test/click-iframe/b.html HTTP/1.1" 200 38821 "https://www.amkamdam.com/test/click-iframe/a.html" "Mozilla/5.0 (X11; Linux x86_64; rv:109.0) Gecko/20100101 Firefox/117.0"
192.42.116.173 - - [29/Dec/2023:06:41:01 +0000] "GET /assets/js/cookieconsent.js?_=1703832061627 HTTP/1.1" 200 6958 "https://www.amkamdam.com/test/click-iframe/a.html" "Mozilla/5.0 (X11; Linux x86_64; rv:109.0) Gecko/20100101 Firefox/117.0"
192.42.116.173 - - [29/Dec/2023:06:41:01 +0000] "GET /assets/images/me_banner/970x90.jpg HTTP/1.1" 200 114667 "https://amkamdam.com/news/bitcoin-news/" "Mozilla/5.0 (X11; Ubuntu; Linux x86_64; rv:109.0) Gecko/20100101 Firefox/116.0"
192.42.116.173 - - [29/Dec/2023:06:41:02 +0000] "GET /assets/images/me_banner/468x60.png HTTP/1.1" 200 15289 "https://amkamdam.com/news/bitcoin-news/" "Mozilla/5.0 (X11; Ubuntu; Linux x86_64; rv:109.0) Gecko/20100101 Firefox/116.0"
192.42.116.173 - - [29/Dec/2023:06:41:02 +0000] "GET /assets/images/me_banner/1160x90.png HTTP/1.1" 200 109063 "https://amkamdam.com/news/bitcoin-news/" "Mozilla/5.0 (X11; Ubuntu; Linux x86_64; rv:109.0) Gecko/20100101 Firefox/116.0"
192.42.116.173 - - [29/Dec/2023:06:41:02 +0000] "GET /assets/js/cookieconsent-init.js?_=1703832061628 HTTP/1.1" 200 2293 "https://www.amkamdam.com/test/click-iframe/a.html" "Mozilla/5.0 (X11; Linux x86_64; rv:109.0) Gecko/20100101 Firefox/117.0"
192.42.116.173 - - [29/Dec/2023:06:41:02 +0000] "GET /assets/js/frontend.js?_=1703832061629 HTTP/1.1" 200 110899 "https://www.amkamdam.com/test/click-iframe/a.html" "Mozilla/5.0 (X11; Linux x86_64; rv:109.0) Gecko/20100101 Firefox/117.0"
192.42.116.173 - - [29/Dec/2023:06:41:03 +0000] "GET /test/click-iframe/a.html HTTP/1.1" 200 4504 "-" "Mozilla/5.0 (X11; Ubuntu; Linux x86_64; rv:109.0) Gecko/20100101 Firefox/116.0"
5.255.99.108 - - [29/Dec/2023:06:41:03 +0000] "GET /assets/js/cookieconsent.js?_=1703832061280 HTTP/1.1" 200 6958 "https://www.amkamdam.com/test/click-iframe/b.html" "Mozilla/5.0 (X11; Linux x86_64) AppleWebKit/537.36 (KHTML, like Gecko) Chrome/77.0.3865.75 Safari/537.36"
192.42.116.173 - - [29/Dec/2023:06:41:03 +0000] "GET /assets/js/me.js HTTP/1.1" 200 2719 "https://www.amkamdam.com/test/click-iframe/a.html" "Mozilla/5.0 (X11; Ubuntu; Linux x86_64; rv:109.0) Gecko/20100101 Firefox/116.0"
5.255.99.108 - - [29/Dec/2023:06:41:04 +0000] "GET /assets/js/cookieconsent-init.js?_=1703832061281 HTTP/1.1" 200 2293 "https://www.amkamdam.com/test/click-iframe/b.html" "Mozilla/5.0 (X11; Linux x86_64) AppleWebKit/537.36 (KHTML, like Gecko) Chrome/77.0.3865.75 Safari/537.36"
192.42.116.173 - - [29/Dec/2023:06:41:04 +0000] "GET /assets/css/style.css HTTP/1.1" 200 17067 "https://www.amkamdam.com/test/click-iframe/a.html" "Mozilla/5.0 (X11; Ubuntu; Linux x86_64; rv:109.0) Gecko/20100101 Firefox/116.0"
192.42.116.173 - - [29/Dec/2023:06:41:04 +0000] "GET /assets/js/cookieconsent.js?_=1703832063588 HTTP/1.1" 200 7470 "https://www.amkamdam.com/test/click-iframe/a.html" "Mozilla/5.0 (X11; Ubuntu; Linux x86_64; rv:109.0) Gecko/20100101 Firefox/116.0"
192.42.116.173 - - [29/Dec/2023:06:41:04 +0000] "GET /test/click-iframe/b.html HTTP/1.1" 200 38821 "https://www.amkamdam.com/test/click-iframe/a.html" "Mozilla/5.0 (X11; Ubuntu; Linux x86_64; rv:109.0) Gecko/20100101 Firefox/116.0"
5.255.99.108 - - [29/Dec/2023:06:41:04 +0000] "GET /assets/js/frontend.js?_=1703832061282 HTTP/1.1" 200 110899 "https://www.amkamdam.com/test/click-iframe/b.html" "Mozilla/5.0 (X11; Linux x86_64) AppleWebKit/537.36 (KHTML, like Gecko) Chrome/77.0.3865.75 Safari/537.36"
192.42.116.173 - - [29/Dec/2023:06:41:04 +0000] "GET /assets/js/cookieconsent-init.js?_=1703832063589 HTTP/1.1" 200 2293 "https://www.amkamdam.com/test/click-iframe/a.html" "Mozilla/5.0 (X11; Ubuntu; Linux x86_64; rv:109.0) Gecko/20100101 Firefox/116.0"
192.42.116.173 - - [29/Dec/2023:06:41:05 +0000] "GET /assets/js/cookieconsent.js?_=1703832063069 HTTP/1.1" 200 6958 "https://www.amkamdam.com/test/click-iframe/b.html" "Mozilla/5.0 (X11; Linux x86_64; rv:109.0) Gecko/20100101 Firefox/117.0"
192.42.116.173 - - [29/Dec/2023:06:41:05 +0000] "GET /assets/js/frontend.js?_=1703832063590 HTTP/1.1" 200 110899 "https://www.amkamdam.com/test/click-iframe/a.html" "Mozilla/5.0 (X11; Ubuntu; Linux x86_64; rv:109.0) Gecko/20100101 Firefox/116.0"
192.42.116.173 - - [29/Dec/2023:06:41:05 +0000] "GET /assets/js/cookieconsent-init.js?_=1703832063070 HTTP/1.1" 200 2293 "https://www.amkamdam.com/test/click-iframe/b.html" "Mozilla/5.0 (X11; Linux x86_64; rv:109.0) Gecko/20100101 Firefox/117.0"
5.255.99.108 - - [29/Dec/2023:06:41:06 +0000] "GET /test/click-iframe/c.html HTTP/1.1" 200 575 "https://www.amkamdam.com/test/click-iframe/b.html" "Mozilla/5.0 (X11; Linux x86_64) AppleWebKit/537.36 (KHTML, like Gecko) Chrome/77.0.3865.75 Safari/537.36"
5.255.99.108 - - [29/Dec/2023:06:41:07 +0000] "GET /assets/js/cookieconsent.js?_=1703832066732 HTTP/1.1" 200 6958 "https://www.amkamdam.com/test/click-iframe/c.html" "Mozilla/5.0 (X11; Linux x86_64) AppleWebKit/537.36 (KHTML, like Gecko) Chrome/77.0.3865.75 Safari/537.36"
192.42.116.173 - - [29/Dec/2023:06:41:06 +0000] "GET /assets/js/frontend.js?_=1703832063071 HTTP/1.1" 200 110899 "https://www.amkamdam.com/test/click-iframe/b.html" "Mozilla/5.0 (X11; Linux x86_64; rv:109.0) Gecko/20100101 Firefox/117.0"
5.255.99.108 - - [29/Dec/2023:06:41:07 +0000] "GET /assets/js/cookieconsent-init.js?_=1703832066733 HTTP/1.1" 200 2293 "https://www.amkamdam.com/test/click-iframe/c.html" "Mozilla/5.0 (X11; Linux x86_64) AppleWebKit/537.36 (KHTML, like Gecko) Chrome/77.0.3865.75 Safari/537.36"
5.255.99.108 - - [29/Dec/2023:06:41:07 +0000] "GET /assets/js/frontend.js?_=1703832066734 HTTP/1.1" 200 110899 "https://www.amkamdam.com/test/click-iframe/c.html" "Mozilla/5.0 (X11; Linux x86_64) AppleWebKit/537.36 (KHTML, like Gecko) Chrome/77.0.3865.75 Safari/537.36"
192.42.116.173 - - [29/Dec/2023:06:41:08 +0000] "GET /assets/js/cookieconsent.js?_=1703832065953 HTTP/1.1" 200 6958 "https://www.amkamdam.com/test/click-iframe/b.html" "Mozilla/5.0 (X11; Ubuntu; Linux x86_64; rv:109.0) Gecko/20100101 Firefox/116.0"
192.42.116.173 - - [29/Dec/2023:06:41:08 +0000] "GET /test/click-iframe/c.html HTTP/1.1" 200 575 "https://www.amkamdam.com/test/click-iframe/b.html" "Mozilla/5.0 (X11; Linux x86_64; rv:109.0) Gecko/20100101 Firefox/117.0"
192.42.116.173 - - [29/Dec/2023:06:41:08 +0000] "GET /assets/js/cookieconsent-init.js?_=1703832065954 HTTP/1.1" 200 2293 "https://www.amkamdam.com/test/click-iframe/b.html" "Mozilla/5.0 (X11; Ubuntu; Linux x86_64; rv:109.0) Gecko/20100101 Firefox/116.0"
192.42.116.173 - - [29/Dec/2023:06:41:09 +0000] "GET /assets/js/cookieconsent.js?_=1703832068919 HTTP/1.1" 200 6958 "https://www.amkamdam.com/test/click-iframe/c.html" "Mozilla/5.0 (X11; Linux x86_64; rv:109.0) Gecko/20100101 Firefox/117.0"
192.42.116.173 - - [29/Dec/2023:06:41:09 +0000] "GET /assets/js/frontend.js?_=1703832065955 HTTP/1.1" 200 110899 "https://www.amkamdam.com/test/click-iframe/b.html" "Mozilla/5.0 (X11; Ubuntu; Linux x86_64; rv:109.0) Gecko/20100101 Firefox/116.0"
192.42.116.173 - - [29/Dec/2023:06:41:09 +0000] "GET /assets/js/cookieconsent-init.js?_=1703832068920 HTTP/1.1" 200 2293 "https://www.amkamdam.com/test/click-iframe/c.html" "Mozilla/5.0 (X11; Linux x86_64; rv:109.0) Gecko/20100101 Firefox/117.0"
92.205.185.52 - - [29/Dec/2023:06:41:09 +0000] "GET / HTTP/1.1" 200 45947 "-" "Mozilla/5.0 (X11; Ubuntu; Linux x86_64; rv:109.0) Gecko/20100101 Firefox/116.0"
92.205.185.52 - - [29/Dec/2023:06:41:10 +0000] "GET /assets/css/style.css HTTP/1.1" 200 17067 "https://www.amkamdam.com/" "Mozilla/5.0 (X11; Ubuntu; Linux x86_64; rv:109.0) Gecko/20100101 Firefox/116.0"
92.205.185.52 - - [29/Dec/2023:06:41:10 +0000] "GET /assets/js/me.js HTTP/1.1" 200 2719 "https://www.amkamdam.com/" "Mozilla/5.0 (X11; Ubuntu; Linux x86_64; rv:109.0) Gecko/20100101 Firefox/116.0"
92.205.185.52 - - [29/Dec/2023:06:41:10 +0000] "GET /assets/images/logo.svg HTTP/1.1" 404 15783 "https://www.amkamdam.com/" "Mozilla/5.0 (X11; Ubuntu; Linux x86_64; rv:109.0) Gecko/20100101 Firefox/116.0"
192.42.116.173 - - [29/Dec/2023:06:41:10 +0000] "GET /assets/js/frontend.js?_=1703832068921 HTTP/1.1" 200 110899 "https://www.amkamdam.com/test/click-iframe/c.html" "Mozilla/5.0 (X11; Linux x86_64; rv:109.0) Gecko/20100101 Firefox/117.0"
192.42.116.173 - - [29/Dec/2023:06:41:10 +0000] "GET /test/click-iframe/c.html HTTP/1.1" 200 575 "https://www.amkamdam.com/test/click-iframe/b.html" "Mozilla/5.0 (X11; Ubuntu; Linux x86_64; rv:109.0) Gecko/20100101 Firefox/116.0"
92.205.185.52 - - [29/Dec/2023:06:41:11 +0000] "GET /assets/images/giphy1.gif HTTP/1.1" 200 9151 "https://www.amkamdam.com/assets/css/style.css" "Mozilla/5.0 (X11; Ubuntu; Linux x86_64; rv:109.0) Gecko/20100101 Firefox/116.0"
92.205.185.52 - - [29/Dec/2023:06:41:11 +0000] "GET /assets/js/cookieconsent.js?_=1703832070415 HTTP/1.1" 200 7470 "https://www.amkamdam.com/" "Mozilla/5.0 (X11; Ubuntu; Linux x86_64; rv:109.0) Gecko/20100101 Firefox/116.0"
192.42.116.173 - - [29/Dec/2023:06:41:11 +0000] "GET /assets/js/cookieconsent.js?_=1703832070996 HTTP/1.1" 200 6958 "https://www.amkamdam.com/test/click-iframe/c.html" "Mozilla/5.0 (X11; Ubuntu; Linux x86_64; rv:109.0) Gecko/20100101 Firefox/116.0"
92.205.185.52 - - [29/Dec/2023:06:41:11 +0000] "GET /assets/js/cookieconsent-init.js?_=1703832070416 HTTP/1.1" 200 2293 "https://www.amkamdam.com/" "Mozilla/5.0 (X11; Ubuntu; Linux x86_64; rv:109.0) Gecko/20100101 Firefox/116.0"
92.205.185.52 - - [29/Dec/2023:06:41:11 +0000] "GET /assets/js/frontend.js?_=1703832070417 HTTP/1.1" 200 110899 "https://www.amkamdam.com/" "Mozilla/5.0 (X11; Ubuntu; Linux x86_64; rv:109.0) Gecko/20100101 Firefox/116.0"
192.42.116.173 - - [29/Dec/2023:06:41:11 +0000] "GET /assets/js/cookieconsent-init.js?_=1703832070997 HTTP/1.1" 200 2293 "https://www.amkamdam.com/test/click-iframe/c.html" "Mozilla/5.0 (X11; Ubuntu; Linux x86_64; rv:109.0) Gecko/20100101 Firefox/116.0"
92.205.185.52 - - [29/Dec/2023:06:41:12 +0000] "GET /me-index.html HTTP/1.1" 200 2759 "https://www.amkamdam.com/" "Mozilla/5.0 (X11; Ubuntu; Linux x86_64; rv:109.0) Gecko/20100101 Firefox/116.0"
92.205.185.52 - - [29/Dec/2023:06:41:12 +0000] "GET /assets/images/logos/amkamdam.com.svg HTTP/1.1" 200 1808 "https://www.amkamdam.com/" "Mozilla/5.0 (X11; Ubuntu; Linux x86_64; rv:109.0) Gecko/20100101 Firefox/116.0"
92.205.185.52 - - [29/Dec/2023:06:41:12 +0000] "GET /wp-content/themes/cryptonews/assets/js/chunks/7541-ac4c58e4d8004be4.js HTTP/1.1" 404 19111 "https://www.amkamdam.com/" "Mozilla/5.0 (X11; Ubuntu; Linux x86_64; rv:109.0) Gecko/20100101 Firefox/116.0"
192.42.116.173 - - [29/Dec/2023:06:41:12 +0000] "GET /assets/js/frontend.js?_=1703832070998 HTTP/1.1" 200 110899 "https://www.amkamdam.com/test/click-iframe/c.html" "Mozilla/5.0 (X11; Ubuntu; Linux x86_64; rv:109.0) Gecko/20100101 Firefox/116.0"
92.205.185.52 - - [29/Dec/2023:06:41:12 +0000] "GET /assets/images/logo.svg HTTP/1.1" 404 15271 "https://www.amkamdam.com/" "Mozilla/5.0 (X11; Ubuntu; Linux x86_64; rv:109.0) Gecko/20100101 Firefox/116.0"
92.205.185.52 - - [29/Dec/2023:06:41:12 +0000] "GET /assets/images/me_banner/300x250-mobile.jpg HTTP/1.1" 200 59267 "https://www.amkamdam.com/" "Mozilla/5.0 (X11; Ubuntu; Linux x86_64; rv:109.0) Gecko/20100101 Firefox/116.0"
92.205.185.52 - - [29/Dec/2023:06:41:12 +0000] "GET / HTTP/1.1" 200 45947 "-" "Mozilla/5.0 (Macintosh; Intel Mac OS X 10_15_7) AppleWebKit/537.36 (KHTML, like Gecko) Chrome/115.0.0.0 Safari/537.36"
92.205.185.52 - - [29/Dec/2023:06:41:12 +0000] "GET /assets/images/me_banner/970x250.jpg HTTP/1.1" 200 46421 "https://www.amkamdam.com/" "Mozilla/5.0 (X11; Ubuntu; Linux x86_64; rv:109.0) Gecko/20100101 Firefox/116.0"
92.205.185.52 - - [29/Dec/2023:06:41:12 +0000] "GET /assets/css/style.css HTTP/1.1" 200 17067 "https://www.amkamdam.com/" "Mozilla/5.0 (Macintosh; Intel Mac OS X 10_15_7) AppleWebKit/537.36 (KHTML, like Gecko) Chrome/115.0.0.0 Safari/537.36"
92.205.185.52 - - [29/Dec/2023:06:41:12 +0000] "GET /assets/images/me_banner/300x600.jpg HTTP/1.1" 200 41307 "https://www.amkamdam.com/" "Mozilla/5.0 (X11; Ubuntu; Linux x86_64; rv:109.0) Gecko/20100101 Firefox/116.0"
92.205.185.52 - - [29/Dec/2023:06:41:12 +0000] "GET /assets/images/me_banner/468x60.png HTTP/1.1" 200 19129 "https://www.amkamdam.com/" "Mozilla/5.0 (X11; Ubuntu; Linux x86_64; rv:109.0) Gecko/20100101 Firefox/116.0"
92.205.185.52 - - [29/Dec/2023:06:41:12 +0000] "GET /assets/images/me_banner/970x90.jpg HTTP/1.1" 200 111339 "https://www.amkamdam.com/" "Mozilla/5.0 (X11; Ubuntu; Linux x86_64; rv:109.0) Gecko/20100101 Firefox/116.0"
92.205.185.52 - - [29/Dec/2023:06:41:12 +0000] "GET /assets/images/me_banner/1160x90.png HTTP/1.1" 200 112903 "https://www.amkamdam.com/" "Mozilla/5.0 (X11; Ubuntu; Linux x86_64; rv:109.0) Gecko/20100101 Firefox/116.0"
92.205.185.52 - - [29/Dec/2023:06:41:12 +0000] "GET /assets/js/me.js HTTP/1.1" 200 2719 "https://www.amkamdam.com/" "Mozilla/5.0 (Macintosh; Intel Mac OS X 10_15_7) AppleWebKit/537.36 (KHTML, like Gecko) Chrome/115.0.0.0 Safari/537.36"
92.205.185.52 - - [29/Dec/2023:06:41:12 +0000] "GET /assets/images/logo.svg HTTP/1.1" 404 15783 "https://www.amkamdam.com/" "Mozilla/5.0 (Macintosh; Intel Mac OS X 10_15_7) AppleWebKit/537.36 (KHTML, like Gecko) Chrome/115.0.0.0 Safari/537.36"
92.205.185.52 - - [29/Dec/2023:06:41:13 +0000] "GET /news/ HTTP/1.1" 200 29502 "-" "Mozilla/5.0 (X11; Ubuntu; Linux x86_64; rv:109.0) Gecko/20100101 Firefox/116.0"
92.205.185.52 - - [29/Dec/2023:06:41:13 +0000] "GET /assets/images/giphy1.gif HTTP/1.1" 200 9151 "https://www.amkamdam.com/assets/css/style.css" "Mozilla/5.0 (Macintosh; Intel Mac OS X 10_15_7) AppleWebKit/537.36 (KHTML, like Gecko) Chrome/115.0.0.0 Safari/537.36"
92.205.185.52 - - [29/Dec/2023:06:41:13 +0000] "GET /assets/js/cookieconsent.js?_=1703832072988 HTTP/1.1" 200 6958 "https://www.amkamdam.com/" "Mozilla/5.0 (Macintosh; Intel Mac OS X 10_15_7) AppleWebKit/537.36 (KHTML, like Gecko) Chrome/115.0.0.0 Safari/537.36"
92.205.185.52 - - [29/Dec/2023:06:41:13 +0000] "GET /assets/css/style.css HTTP/1.1" 200 17067 "https://amkamdam.com/news/" "Mozilla/5.0 (X11; Ubuntu; Linux x86_64; rv:109.0) Gecko/20100101 Firefox/116.0"
92.205.185.52 - - [29/Dec/2023:06:41:13 +0000] "GET /assets/js/cookieconsent-init.js?_=1703832072989 HTTP/1.1" 200 2293 "https://www.amkamdam.com/" "Mozilla/5.0 (Macintosh; Intel Mac OS X 10_15_7) AppleWebKit/537.36 (KHTML, like Gecko) Chrome/115.0.0.0 Safari/537.36"
92.205.185.52 - - [29/Dec/2023:06:41:14 +0000] "GET /assets/js/me.js HTTP/1.1" 200 2719 "https://amkamdam.com/news/" "Mozilla/5.0 (X11; Ubuntu; Linux x86_64; rv:109.0) Gecko/20100101 Firefox/116.0"
92.205.185.52 - - [29/Dec/2023:06:41:14 +0000] "GET /news/bitcoin-news/ HTTP/1.1" 200 29035 "-" "Mozilla/5.0 (Macintosh; Intel Mac OS X 10_15_7) AppleWebKit/537.36 (KHTML, like Gecko) Chrome/116.0.0.0 Safari/537.36"
92.205.185.52 - - [29/Dec/2023:06:41:14 +0000] "GET /assets/images/logo.svg HTTP/1.1" 404 15783 "https://amkamdam.com/news/" "Mozilla/5.0 (X11; Ubuntu; Linux x86_64; rv:109.0) Gecko/20100101 Firefox/116.0"
92.205.185.52 - - [29/Dec/2023:06:41:14 +0000] "GET /assets/js/frontend.js?_=1703832072990 HTTP/1.1" 200 110899 "https://www.amkamdam.com/" "Mozilla/5.0 (Macintosh; Intel Mac OS X 10_15_7) AppleWebKit/537.36 (KHTML, like Gecko) Chrome/115.0.0.0 Safari/537.36"
92.205.185.52 - - [29/Dec/2023:06:41:14 +0000] "GET /assets/images/icons/icon-arrow-right.svg HTTP/1.1" 200 1312 "https://amkamdam.com/assets/css/style.css" "Mozilla/5.0 (X11; Ubuntu; Linux x86_64; rv:109.0) Gecko/20100101 Firefox/116.0"
92.205.185.52 - - [29/Dec/2023:06:41:14 +0000] "GET /assets/images/giphy1.gif HTTP/1.1" 200 9151 "https://amkamdam.com/assets/css/style.css" "Mozilla/5.0 (X11; Ubuntu; Linux x86_64; rv:109.0) Gecko/20100101 Firefox/116.0"
92.205.185.52 - - [29/Dec/2023:06:41:14 +0000] "GET /assets/js/me.js HTTP/1.1" 200 2719 "https://amkamdam.com/news/bitcoin-news/" "Mozilla/5.0 (Macintosh; Intel Mac OS X 10_15_7) AppleWebKit/537.36 (KHTML, like Gecko) Chrome/116.0.0.0 Safari/537.36"
92.205.185.52 - - [29/Dec/2023:06:41:14 +0000] "GET /assets/js/cookieconsent.js?_=1703832073794 HTTP/1.1" 200 10798 "https://amkamdam.com/news/" "Mozilla/5.0 (X11; Ubuntu; Linux x86_64; rv:109.0) Gecko/20100101 Firefox/116.0"
92.205.185.52 - - [29/Dec/2023:06:41:14 +0000] "GET /me-index.html HTTP/1.1" 200 2759 "https://www.amkamdam.com/" "Mozilla/5.0 (Macintosh; Intel Mac OS X 10_15_7) AppleWebKit/537.36 (KHTML, like Gecko) Chrome/115.0.0.0 Safari/537.36"
92.205.185.52 - - [29/Dec/2023:06:41:14 +0000] "GET /assets/images/logos/amkamdam.com.svg HTTP/1.1" 200 1808 "https://www.amkamdam.com/" "Mozilla/5.0 (Macintosh; Intel Mac OS X 10_15_7) AppleWebKit/537.36 (KHTML, like Gecko) Chrome/115.0.0.0 Safari/537.36"
92.205.185.52 - - [29/Dec/2023:06:41:14 +0000] "GET /wp-content/themes/cryptonews/assets/js/chunks/7541-ac4c58e4d8004be4.js HTTP/1.1" 404 15783 "https://www.amkamdam.com/" "Mozilla/5.0 (Macintosh; Intel Mac OS X 10_15_7) AppleWebKit/537.36 (KHTML, like Gecko) Chrome/115.0.0.0 Safari/537.36"
92.205.185.52 - - [29/Dec/2023:06:41:14 +0000] "GET /assets/css/style.css HTTP/1.1" 200 17067 "https://amkamdam.com/news/bitcoin-news/" "Mozilla/5.0 (Macintosh; Intel Mac OS X 10_15_7) AppleWebKit/537.36 (KHTML, like Gecko) Chrome/116.0.0.0 Safari/537.36"
92.205.185.52 - - [29/Dec/2023:06:41:16 +0000] "GET /assets/js/cookieconsent-init.js?_=1703832073795 HTTP/1.1" 200 2293 "https://amkamdam.com/news/" "Mozilla/5.0 (X11; Ubuntu; Linux x86_64; rv:109.0) Gecko/20100101 Firefox/116.0"
92.205.185.52 - - [29/Dec/2023:06:41:16 +0000] "GET /assets/images/logo.svg HTTP/1.1" 404 15783 "https://amkamdam.com/news/bitcoin-news/" "Mozilla/5.0 (Macintosh; Intel Mac OS X 10_15_7) AppleWebKit/537.36 (KHTML, like Gecko) Chrome/116.0.0.0 Safari/537.36"
92.205.185.52 - - [29/Dec/2023:06:41:16 +0000] "GET /assets/images/logo.svg HTTP/1.1" 404 15271 "https://www.amkamdam.com/" "Mozilla/5.0 (Macintosh; Intel Mac OS X 10_15_7) AppleWebKit/537.36 (KHTML, like Gecko) Chrome/115.0.0.0 Safari/537.36"
92.205.185.52 - - [29/Dec/2023:06:41:16 +0000] "GET /assets/images/me_banner/300x250-mobile.jpg HTTP/1.1" 200 63107 "https://www.amkamdam.com/" "Mozilla/5.0 (Macintosh; Intel Mac OS X 10_15_7) AppleWebKit/537.36 (KHTML, like Gecko) Chrome/115.0.0.0 Safari/537.36"
92.205.185.52 - - [29/Dec/2023:06:41:16 +0000] "GET /assets/images/me_banner/970x250.jpg HTTP/1.1" 200 46421 "https://www.amkamdam.com/" "Mozilla/5.0 (Macintosh; Intel Mac OS X 10_15_7) AppleWebKit/537.36 (KHTML, like Gecko) Chrome/115.0.0.0 Safari/537.36"
92.205.185.52 - - [29/Dec/2023:06:41:16 +0000] "GET /assets/js/frontend.js?_=1703832073796 HTTP/1.1" 200 110899 "https://amkamdam.com/news/" "Mozilla/5.0 (X11; Ubuntu; Linux x86_64; rv:109.0) Gecko/20100101 Firefox/116.0"
92.205.185.52 - - [29/Dec/2023:06:41:16 +0000] "GET /assets/images/me_banner/300x600.jpg HTTP/1.1" 200 40795 "https://www.amkamdam.com/" "Mozilla/5.0 (Macintosh; Intel Mac OS X 10_15_7) AppleWebKit/537.36 (KHTML, like Gecko) Chrome/115.0.0.0 Safari/537.36"
92.205.185.52 - - [29/Dec/2023:06:41:16 +0000] "GET /assets/images/me_banner/970x90.jpg HTTP/1.1" 200 110827 "https://www.amkamdam.com/" "Mozilla/5.0 (Macintosh; Intel Mac OS X 10_15_7) AppleWebKit/537.36 (KHTML, like Gecko) Chrome/115.0.0.0 Safari/537.36"
92.205.185.52 - - [29/Dec/2023:06:41:16 +0000] "GET /assets/images/logos/amkamdam.com.svg HTTP/1.1" 200 1808 "https://amkamdam.com/news/" "Mozilla/5.0 (X11; Ubuntu; Linux x86_64; rv:109.0) Gecko/20100101 Firefox/116.0"
92.205.185.52 - - [29/Dec/2023:06:41:16 +0000] "GET /me-index.html HTTP/1.1" 200 2759 "https://amkamdam.com/news/" "Mozilla/5.0 (X11; Ubuntu; Linux x86_64; rv:109.0) Gecko/20100101 Firefox/116.0"
104.244.78.233 - - [29/Dec/2023:06:41:16 +0000] "GET /assets/images/me_banner/468x60.png HTTP/1.1" 200 15801 "https://www.amkamdam.com/" "Mozilla/5.0 (Macintosh; Intel Mac OS X 10_15_7) AppleWebKit/537.36 (KHTML, like Gecko) Chrome/115.0.0.0 Safari/537.36"
104.244.78.233 - - [29/Dec/2023:06:41:16 +0000] "GET /assets/images/me_banner/1160x90.png HTTP/1.1" 200 109575 "https://www.amkamdam.com/" "Mozilla/5.0 (Macintosh; Intel Mac OS X 10_15_7) AppleWebKit/537.36 (KHTML, like Gecko) Chrome/115.0.0.0 Safari/537.36"
92.205.185.52 - - [29/Dec/2023:06:41:17 +0000] "GET /assets/images/logo.svg HTTP/1.1" 404 15271 "https://amkamdam.com/news/" "Mozilla/5.0 (X11; Ubuntu; Linux x86_64; rv:109.0) Gecko/20100101 Firefox/116.0"
92.205.185.52 - - [29/Dec/2023:06:41:17 +0000] "GET /assets/images/me_banner/300x250-mobile.jpg HTTP/1.1" 200 59267 "https://amkamdam.com/news/" "Mozilla/5.0 (X11; Ubuntu; Linux x86_64; rv:109.0) Gecko/20100101 Firefox/116.0"
92.205.185.52 - - [29/Dec/2023:06:41:17 +0000] "GET /assets/images/me_banner/970x250.jpg HTTP/1.1" 200 46421 "https://amkamdam.com/news/" "Mozilla/5.0 (X11; Ubuntu; Linux x86_64; rv:109.0) Gecko/20100101 Firefox/116.0"
92.205.185.52 - - [29/Dec/2023:06:41:17 +0000] "GET /assets/images/me_banner/300x600.jpg HTTP/1.1" 200 40795 "https://amkamdam.com/news/" "Mozilla/5.0 (X11; Ubuntu; Linux x86_64; rv:109.0) Gecko/20100101 Firefox/116.0"
92.205.185.52 - - [29/Dec/2023:06:41:17 +0000] "GET /assets/images/giphy1.gif HTTP/1.1" 200 9151 "https://amkamdam.com/assets/css/style.css" "Mozilla/5.0 (Macintosh; Intel Mac OS X 10_15_7) AppleWebKit/537.36 (KHTML, like Gecko) Chrome/116.0.0.0 Safari/537.36"
92.205.185.52 - - [29/Dec/2023:06:41:17 +0000] "GET /assets/images/icons/icon-arrow-right.svg HTTP/1.1" 200 800 "https://amkamdam.com/assets/css/style.css" "Mozilla/5.0 (Macintosh; Intel Mac OS X 10_15_7) AppleWebKit/537.36 (KHTML, like Gecko) Chrome/116.0.0.0 Safari/537.36"
92.205.185.52 - - [29/Dec/2023:06:41:17 +0000] "GET /assets/js/cookieconsent.js?_=1703832076374 HTTP/1.1" 200 7470 "https://amkamdam.com/news/bitcoin-news/" "Mozilla/5.0 (Macintosh; Intel Mac OS X 10_15_7) AppleWebKit/537.36 (KHTML, like Gecko) Chrome/116.0.0.0 Safari/537.36"
92.205.185.52 - - [29/Dec/2023:06:41:17 +0000] "GET /assets/images/me_banner/970x90.jpg HTTP/1.1" 200 110827 "https://amkamdam.com/news/" "Mozilla/5.0 (X11; Ubuntu; Linux x86_64; rv:109.0) Gecko/20100101 Firefox/116.0"
92.205.185.52 - - [29/Dec/2023:06:41:17 +0000] "GET /assets/images/me_banner/468x60.png HTTP/1.1" 200 15289 "https://amkamdam.com/news/" "Mozilla/5.0 (X11; Ubuntu; Linux x86_64; rv:109.0) Gecko/20100101 Firefox/116.0"
92.205.185.52 - - [29/Dec/2023:06:41:17 +0000] "GET /assets/images/me_banner/1160x90.png HTTP/1.1" 200 109063 "https://amkamdam.com/news/" "Mozilla/5.0 (X11; Ubuntu; Linux x86_64; rv:109.0) Gecko/20100101 Firefox/116.0"
92.205.185.52 - - [29/Dec/2023:06:41:17 +0000] "GET /assets/js/cookieconsent-init.js?_=1703832076375 HTTP/1.1" 200 2293 "https://amkamdam.com/news/bitcoin-news/" "Mozilla/5.0 (Macintosh; Intel Mac OS X 10_15_7) AppleWebKit/537.36 (KHTML, like Gecko) Chrome/116.0.0.0 Safari/537.36"
104.244.78.233 - - [29/Dec/2023:06:41:18 +0000] "GET /test/click-iframe/a.html HTTP/1.1" 200 664 "-" "Mozilla/5.0 (Macintosh; Intel Mac OS X 10_15_7) AppleWebKit/537.36 (KHTML, like Gecko) Chrome/115.0.0.0 Safari/537.36"
92.205.185.52 - - [29/Dec/2023:06:41:18 +0000] "GET /test/click-iframe/a.html HTTP/1.1" 200 4504 "-" "Mozilla/5.0 (X11; Ubuntu; Linux x86_64; rv:109.0) Gecko/20100101 Firefox/116.0"
92.205.185.52 - - [29/Dec/2023:06:41:18 +0000] "GET /assets/js/frontend.js?_=1703832076376 HTTP/1.1" 200 110899 "https://amkamdam.com/news/bitcoin-news/" "Mozilla/5.0 (Macintosh; Intel Mac OS X 10_15_7) AppleWebKit/537.36 (KHTML, like Gecko) Chrome/116.0.0.0 Safari/537.36"
104.244.78.233 - - [29/Dec/2023:06:41:18 +0000] "GET /assets/js/cookieconsent.js?_=1703832078153 HTTP/1.1" 200 6958 "https://www.amkamdam.com/test/click-iframe/a.html" "Mozilla/5.0 (Macintosh; Intel Mac OS X 10_15_7) AppleWebKit/537.36 (KHTML, like Gecko) Chrome/115.0.0.0 Safari/537.36"
104.244.78.233 - - [29/Dec/2023:06:41:18 +0000] "GET /test/click-iframe/b.html HTTP/1.1" 200 38821 "https://www.amkamdam.com/test/click-iframe/a.html" "Mozilla/5.0 (Macintosh; Intel Mac OS X 10_15_7) AppleWebKit/537.36 (KHTML, like Gecko) Chrome/115.0.0.0 Safari/537.36"
92.205.185.52 - - [29/Dec/2023:06:41:18 +0000] "GET /test/click-iframe/b.html HTTP/1.1" 200 38821 "https://www.amkamdam.com/test/click-iframe/a.html" "Mozilla/5.0 (X11; Ubuntu; Linux x86_64; rv:109.0) Gecko/20100101 Firefox/116.0"
104.244.78.233 - - [29/Dec/2023:06:41:18 +0000] "GET /assets/js/cookieconsent-init.js?_=1703832078154 HTTP/1.1" 200 2293 "https://www.amkamdam.com/test/click-iframe/a.html" "Mozilla/5.0 (Macintosh; Intel Mac OS X 10_15_7) AppleWebKit/537.36 (KHTML, like Gecko) Chrome/115.0.0.0 Safari/537.36"
92.205.185.52 - - [29/Dec/2023:06:41:18 +0000] "GET /me-index.html HTTP/1.1" 200 2759 "https://amkamdam.com/news/bitcoin-news/" "Mozilla/5.0 (Macintosh; Intel Mac OS X 10_15_7) AppleWebKit/537.36 (KHTML, like Gecko) Chrome/116.0.0.0 Safari/537.36"
92.205.185.52 - - [29/Dec/2023:06:41:18 +0000] "GET /assets/images/logos/amkamdam.com.svg HTTP/1.1" 200 1808 "https://amkamdam.com/news/bitcoin-news/" "Mozilla/5.0 (Macintosh; Intel Mac OS X 10_15_7) AppleWebKit/537.36 (KHTML, like Gecko) Chrome/116.0.0.0 Safari/537.36"
104.244.78.233 - - [29/Dec/2023:06:41:18 +0000] "GET /assets/js/frontend.js?_=1703832078155 HTTP/1.1" 200 110899 "https://www.amkamdam.com/test/click-iframe/a.html" "Mozilla/5.0 (Macintosh; Intel Mac OS X 10_15_7) AppleWebKit/537.36 (KHTML, like Gecko) Chrome/115.0.0.0 Safari/537.36"
92.205.185.52 - - [29/Dec/2023:06:41:18 +0000] "GET /assets/images/logo.svg HTTP/1.1" 404 15271 "https://amkamdam.com/news/bitcoin-news/" "Mozilla/5.0 (Macintosh; Intel Mac OS X 10_15_7) AppleWebKit/537.36 (KHTML, like Gecko) Chrome/116.0.0.0 Safari/537.36"
92.205.185.52 - - [29/Dec/2023:06:41:18 +0000] "GET /assets/images/me_banner/970x250.jpg HTTP/1.1" 200 46421 "https://amkamdam.com/news/bitcoin-news/" "Mozilla/5.0 (Macintosh; Intel Mac OS X 10_15_7) AppleWebKit/537.36 (KHTML, like Gecko) Chrome/116.0.0.0 Safari/537.36"
92.205.185.52 - - [29/Dec/2023:06:41:18 +0000] "GET /assets/images/me_banner/300x250-mobile.jpg HTTP/1.1" 200 59267 "https://amkamdam.com/news/bitcoin-news/" "Mozilla/5.0 (Macintosh; Intel Mac OS X 10_15_7) AppleWebKit/537.36 (KHTML, like Gecko) Chrome/116.0.0.0 Safari/537.36"
104.244.78.233 - - [29/Dec/2023:06:41:18 +0000] "GET /assets/js/cookieconsent.js?_=1703832078347 HTTP/1.1" 200 7470 "https://www.amkamdam.com/test/click-iframe/a.html" "Mozilla/5.0 (X11; Ubuntu; Linux x86_64; rv:109.0) Gecko/20100101 Firefox/116.0"
104.244.78.233 - - [29/Dec/2023:06:41:19 +0000] "GET /assets/js/cookieconsent-init.js?_=1703832078348 HTTP/1.1" 200 2293 "https://www.amkamdam.com/test/click-iframe/a.html" "Mozilla/5.0 (X11; Ubuntu; Linux x86_64; rv:109.0) Gecko/20100101 Firefox/116.0"
92.205.185.52 - - [29/Dec/2023:06:41:19 +0000] "GET /assets/images/me_banner/300x600.jpg HTTP/1.1" 200 40795 "https://amkamdam.com/news/bitcoin-news/" "Mozilla/5.0 (Macintosh; Intel Mac OS X 10_15_7) AppleWebKit/537.36 (KHTML, like Gecko) Chrome/116.0.0.0 Safari/537.36"
104.244.78.233 - - [29/Dec/2023:06:41:19 +0000] "GET /assets/images/me_banner/468x60.png HTTP/1.1" 200 15801 "https://amkamdam.com/news/bitcoin-news/" "Mozilla/5.0 (Macintosh; Intel Mac OS X 10_15_7) AppleWebKit/537.36 (KHTML, like Gecko) Chrome/116.0.0.0 Safari/537.36"
104.244.78.233 - - [29/Dec/2023:06:41:19 +0000] "GET /assets/images/me_banner/970x90.jpg HTTP/1.1" 200 111339 "https://amkamdam.com/news/bitcoin-news/" "Mozilla/5.0 (Macintosh; Intel Mac OS X 10_15_7) AppleWebKit/537.36 (KHTML, like Gecko) Chrome/116.0.0.0 Safari/537.36"
104.244.78.233 - - [29/Dec/2023:06:41:19 +0000] "GET /assets/images/me_banner/1160x90.png HTTP/1.1" 200 112903 "https://amkamdam.com/news/bitcoin-news/" "Mozilla/5.0 (Macintosh; Intel Mac OS X 10_15_7) AppleWebKit/537.36 (KHTML, like Gecko) Chrome/116.0.0.0 Safari/537.36"
104.244.78.233 - - [29/Dec/2023:06:41:19 +0000] "GET /assets/js/frontend.js?_=1703832078349 HTTP/1.1" 200 110899 "https://www.amkamdam.com/test/click-iframe/a.html" "Mozilla/5.0 (X11; Ubuntu; Linux x86_64; rv:109.0) Gecko/20100101 Firefox/116.0"
104.244.78.233 - - [29/Dec/2023:06:41:20 +0000] "GET /assets/js/cookieconsent.js?_=1703832078923 HTTP/1.1" 200 6958 "https://www.amkamdam.com/test/click-iframe/b.html" "Mozilla/5.0 (Macintosh; Intel Mac OS X 10_15_7) AppleWebKit/537.36 (KHTML, like Gecko) Chrome/115.0.0.0 Safari/537.36"
104.244.78.233 - - [29/Dec/2023:06:41:20 +0000] "GET /assets/js/cookieconsent-init.js?_=1703832078924 HTTP/1.1" 200 2293 "https://www.amkamdam.com/test/click-iframe/b.html" "Mozilla/5.0 (Macintosh; Intel Mac OS X 10_15_7) AppleWebKit/537.36 (KHTML, like Gecko) Chrome/115.0.0.0 Safari/537.36"
104.244.78.233 - - [29/Dec/2023:06:41:20 +0000] "GET /test/click-iframe/a.html HTTP/1.1" 200 4504 "-" "Mozilla/5.0 (Macintosh; Intel Mac OS X 10_15_7) AppleWebKit/537.36 (KHTML, like Gecko) Chrome/116.0.0.0 Safari/537.36"
104.244.78.233 - - [29/Dec/2023:06:41:20 +0000] "GET /assets/js/frontend.js?_=1703832078925 HTTP/1.1" 200 110899 "https://www.amkamdam.com/test/click-iframe/b.html" "Mozilla/5.0 (Macintosh; Intel Mac OS X 10_15_7) AppleWebKit/537.36 (KHTML, like Gecko) Chrome/115.0.0.0 Safari/537.36"
104.244.78.233 - - [29/Dec/2023:06:41:21 +0000] "GET /assets/js/me.js HTTP/1.1" 200 2719 "https://www.amkamdam.com/test/click-iframe/a.html" "Mozilla/5.0 (Macintosh; Intel Mac OS X 10_15_7) AppleWebKit/537.36 (KHTML, like Gecko) Chrome/116.0.0.0 Safari/537.36"
104.244.78.233 - - [29/Dec/2023:06:41:21 +0000] "GET /assets/js/cookieconsent.js?_=1703832079485 HTTP/1.1" 200 6958 "https://www.amkamdam.com/test/click-iframe/b.html" "Mozilla/5.0 (X11; Ubuntu; Linux x86_64; rv:109.0) Gecko/20100101 Firefox/116.0"
104.244.78.233 - - [29/Dec/2023:06:41:21 +0000] "GET /assets/css/style.css HTTP/1.1" 200 17067 "https://www.amkamdam.com/test/click-iframe/a.html" "Mozilla/5.0 (Macintosh; Intel Mac OS X 10_15_7) AppleWebKit/537.36 (KHTML, like Gecko) Chrome/116.0.0.0 Safari/537.36"
104.244.78.233 - - [29/Dec/2023:06:41:21 +0000] "GET /assets/js/cookieconsent-init.js?_=1703832079486 HTTP/1.1" 200 2293 "https://www.amkamdam.com/test/click-iframe/b.html" "Mozilla/5.0 (X11; Ubuntu; Linux x86_64; rv:109.0) Gecko/20100101 Firefox/116.0"
104.244.78.233 - - [29/Dec/2023:06:41:21 +0000] "GET /assets/js/cookieconsent.js?_=1703832080890 HTTP/1.1" 200 7470 "https://www.amkamdam.com/test/click-iframe/a.html" "Mozilla/5.0 (Macintosh; Intel Mac OS X 10_15_7) AppleWebKit/537.36 (KHTML, like Gecko) Chrome/116.0.0.0 Safari/537.36"
104.244.78.233 - - [29/Dec/2023:06:41:21 +0000] "GET /test/click-iframe/b.html HTTP/1.1" 200 38821 "https://www.amkamdam.com/test/click-iframe/a.html" "Mozilla/5.0 (Macintosh; Intel Mac OS X 10_15_7) AppleWebKit/537.36 (KHTML, like Gecko) Chrome/116.0.0.0 Safari/537.36"
104.244.78.233 - - [29/Dec/2023:06:41:21 +0000] "GET /assets/js/cookieconsent-init.js?_=1703832080891 HTTP/1.1" 200 2293 "https://www.amkamdam.com/test/click-iframe/a.html" "Mozilla/5.0 (Macintosh; Intel Mac OS X 10_15_7) AppleWebKit/537.36 (KHTML, like Gecko) Chrome/116.0.0.0 Safari/537.36"
104.244.78.233 - - [29/Dec/2023:06:41:21 +0000] "GET /assets/js/frontend.js?_=1703832079487 HTTP/1.1" 200 110899 "https://www.amkamdam.com/test/click-iframe/b.html" "Mozilla/5.0 (X11; Ubuntu; Linux x86_64; rv:109.0) Gecko/20100101 Firefox/116.0"
104.244.78.233 - - [29/Dec/2023:06:41:21 +0000] "GET /assets/js/frontend.js?_=1703832080892 HTTP/1.1" 200 110899 "https://www.amkamdam.com/test/click-iframe/a.html" "Mozilla/5.0 (Macintosh; Intel Mac OS X 10_15_7) AppleWebKit/537.36 (KHTML, like Gecko) Chrome/116.0.0.0 Safari/537.36"
104.244.78.233 - - [29/Dec/2023:06:41:22 +0000] "GET /test/click-iframe/c.html HTTP/1.1" 200 575 "https://www.amkamdam.com/test/click-iframe/b.html" "Mozilla/5.0 (Macintosh; Intel Mac OS X 10_15_7) AppleWebKit/537.36 (KHTML, like Gecko) Chrome/115.0.0.0 Safari/537.36"
104.244.78.233 - - [29/Dec/2023:06:41:22 +0000] "GET /assets/js/cookieconsent.js?_=1703832082882 HTTP/1.1" 200 6958 "https://www.amkamdam.com/test/click-iframe/c.html" "Mozilla/5.0 (Macintosh; Intel Mac OS X 10_15_7) AppleWebKit/537.36 (KHTML, like Gecko) Chrome/115.0.0.0 Safari/537.36"
104.244.78.233 - - [29/Dec/2023:06:41:23 +0000] "GET /assets/js/cookieconsent.js?_=1703832082201 HTTP/1.1" 200 6958 "https://www.amkamdam.com/test/click-iframe/b.html" "Mozilla/5.0 (Macintosh; Intel Mac OS X 10_15_7) AppleWebKit/537.36 (KHTML, like Gecko) Chrome/116.0.0.0 Safari/537.36"
104.244.78.233 - - [29/Dec/2023:06:41:23 +0000] "GET /assets/js/cookieconsent-init.js?_=1703832082883 HTTP/1.1" 200 2293 "https://www.amkamdam.com/test/click-iframe/c.html" "Mozilla/5.0 (Macintosh; Intel Mac OS X 10_15_7) AppleWebKit/537.36 (KHTML, like Gecko) Chrome/115.0.0.0 Safari/537.36"
104.244.78.233 - - [29/Dec/2023:06:41:23 +0000] "GET /assets/js/cookieconsent-init.js?_=1703832082202 HTTP/1.1" 200 2293 "https://www.amkamdam.com/test/click-iframe/b.html" "Mozilla/5.0 (Macintosh; Intel Mac OS X 10_15_7) AppleWebKit/537.36 (KHTML, like Gecko) Chrome/116.0.0.0 Safari/537.36"
104.244.78.233 - - [29/Dec/2023:06:41:23 +0000] "GET /assets/js/frontend.js?_=1703832082884 HTTP/1.1" 200 110899 "https://www.amkamdam.com/test/click-iframe/c.html" "Mozilla/5.0 (Macintosh; Intel Mac OS X 10_15_7) AppleWebKit/537.36 (KHTML, like Gecko) Chrome/115.0.0.0 Safari/537.36"
104.244.78.233 - - [29/Dec/2023:06:41:23 +0000] "GET /test/click-iframe/c.html HTTP/1.1" 200 575 "https://www.amkamdam.com/test/click-iframe/b.html" "Mozilla/5.0 (X11; Ubuntu; Linux x86_64; rv:109.0) Gecko/20100101 Firefox/116.0"
104.244.78.233 - - [29/Dec/2023:06:41:23 +0000] "GET /assets/js/frontend.js?_=1703832082203 HTTP/1.1" 200 110899 "https://www.amkamdam.com/test/click-iframe/b.html" "Mozilla/5.0 (Macintosh; Intel Mac OS X 10_15_7) AppleWebKit/537.36 (KHTML, like Gecko) Chrome/116.0.0.0 Safari/537.36"
104.244.78.233 - - [29/Dec/2023:06:41:23 +0000] "GET /assets/js/cookieconsent.js?_=1703832083570 HTTP/1.1" 200 6958 "https://www.amkamdam.com/test/click-iframe/c.html" "Mozilla/5.0 (X11; Ubuntu; Linux x86_64; rv:109.0) Gecko/20100101 Firefox/116.0"
104.244.78.233 - - [29/Dec/2023:06:41:23 +0000] "GET /assets/js/cookieconsent-init.js?_=1703832083571 HTTP/1.1" 200 2293 "https://www.amkamdam.com/test/click-iframe/c.html" "Mozilla/5.0 (X11; Ubuntu; Linux x86_64; rv:109.0) Gecko/20100101 Firefox/116.0"
104.244.78.233 - - [29/Dec/2023:06:41:24 +0000] "GET /assets/js/frontend.js?_=1703832083572 HTTP/1.1" 200 110899 "https://www.amkamdam.com/test/click-iframe/c.html" "Mozilla/5.0 (X11; Ubuntu; Linux x86_64; rv:109.0) Gecko/20100101 Firefox/116.0"
104.244.78.233 - - [29/Dec/2023:06:41:25 +0000] "GET /test/click-iframe/c.html HTTP/1.1" 200 575 "https://www.amkamdam.com/test/click-iframe/b.html" "Mozilla/5.0 (Macintosh; Intel Mac OS X 10_15_7) AppleWebKit/537.36 (KHTML, like Gecko) Chrome/116.0.0.0 Safari/537.36"
104.244.78.233 - - [29/Dec/2023:06:41:25 +0000] "GET /assets/js/cookieconsent.js?_=1703832085394 HTTP/1.1" 200 6958 "https://www.amkamdam.com/test/click-iframe/c.html" "Mozilla/5.0 (Macintosh; Intel Mac OS X 10_15_7) AppleWebKit/537.36 (KHTML, like Gecko) Chrome/116.0.0.0 Safari/537.36"
185.174.136.114 - - [29/Dec/2023:06:41:25 +0000] "GET / HTTP/1.1" 200 45947 "-" "Mozilla/5.0 (Macintosh; Intel Mac OS X 10_15_7) AppleWebKit/605.1.15 (KHTML, like Gecko) Version/16.4 Safari/605.1.15"
104.244.78.233 - - [29/Dec/2023:06:41:25 +0000] "GET /assets/js/cookieconsent-init.js?_=1703832085395 HTTP/1.1" 200 2293 "https://www.amkamdam.com/test/click-iframe/c.html" "Mozilla/5.0 (Macintosh; Intel Mac OS X 10_15_7) AppleWebKit/537.36 (KHTML, like Gecko) Chrome/116.0.0.0 Safari/537.36"
104.244.78.233 - - [29/Dec/2023:06:41:26 +0000] "GET /assets/js/frontend.js?_=1703832085396 HTTP/1.1" 200 110899 "https://www.amkamdam.com/test/click-iframe/c.html" "Mozilla/5.0 (Macintosh; Intel Mac OS X 10_15_7) AppleWebKit/537.36 (KHTML, like Gecko) Chrome/116.0.0.0 Safari/537.36"
185.174.136.114 - - [29/Dec/2023:06:41:26 +0000] "GET /assets/css/style.css HTTP/1.1" 200 17067 "https://www.amkamdam.com/" "Mozilla/5.0 (Macintosh; Intel Mac OS X 10_15_7) AppleWebKit/605.1.15 (KHTML, like Gecko) Version/16.4 Safari/605.1.15"
185.174.136.114 - - [29/Dec/2023:06:41:26 +0000] "GET / HTTP/1.1" 200 45947 "-" "Mozilla/5.0 (Windows NT 10.0; Win64; x64; rv:109.0) Gecko/20100101 Firefox/118.0"
185.174.136.114 - - [29/Dec/2023:06:41:26 +0000] "GET /assets/js/me.js HTTP/1.1" 200 2719 "https://www.amkamdam.com/" "Mozilla/5.0 (Macintosh; Intel Mac OS X 10_15_7) AppleWebKit/605.1.15 (KHTML, like Gecko) Version/16.4 Safari/605.1.15"
185.174.136.114 - - [29/Dec/2023:06:41:27 +0000] "GET /assets/images/logo.svg HTTP/1.1" 404 15783 "https://www.amkamdam.com/" "Mozilla/5.0 (Macintosh; Intel Mac OS X 10_15_7) AppleWebKit/605.1.15 (KHTML, like Gecko) Version/16.4 Safari/605.1.15"
185.174.136.114 - - [29/Dec/2023:06:41:27 +0000] "GET /assets/css/style.css HTTP/1.1" 200 17067 "https://www.amkamdam.com/" "Mozilla/5.0 (Windows NT 10.0; Win64; x64; rv:109.0) Gecko/20100101 Firefox/118.0"
185.174.136.114 - - [29/Dec/2023:06:41:27 +0000] "GET /assets/js/me.js HTTP/1.1" 200 2719 "https://www.amkamdam.com/" "Mozilla/5.0 (Windows NT 10.0; Win64; x64; rv:109.0) Gecko/20100101 Firefox/118.0"
185.174.136.114 - - [29/Dec/2023:06:41:27 +0000] "GET /assets/images/logo.svg HTTP/1.1" 404 15783 "https://www.amkamdam.com/" "Mozilla/5.0 (Windows NT 10.0; Win64; x64; rv:109.0) Gecko/20100101 Firefox/118.0"
185.174.136.114 - - [29/Dec/2023:06:41:28 +0000] "GET /news/bitcoin-news/ HTTP/1.1" 200 29035 "-" "Mozilla/5.0 (Macintosh; Intel Mac OS X 10_15_7) AppleWebKit/537.36 (KHTML, like Gecko) Chrome/114.0.0.0 Safari/537.36"
185.174.136.114 - - [29/Dec/2023:06:41:28 +0000] "GET /assets/images/giphy1.gif HTTP/1.1" 200 9151 "https://www.amkamdam.com/assets/css/style.css" "Mozilla/5.0 (Macintosh; Intel Mac OS X 10_15_7) AppleWebKit/605.1.15 (KHTML, like Gecko) Version/16.4 Safari/605.1.15"
185.174.136.114 - - [29/Dec/2023:06:41:28 +0000] "GET /assets/css/style.css HTTP/1.1" 200 17067 "https://amkamdam.com/news/bitcoin-news/" "Mozilla/5.0 (Macintosh; Intel Mac OS X 10_15_7) AppleWebKit/537.36 (KHTML, like Gecko) Chrome/114.0.0.0 Safari/537.36"
185.174.136.114 - - [29/Dec/2023:06:41:29 +0000] "GET /assets/images/giphy1.gif HTTP/1.1" 200 9151 "https://www.amkamdam.com/assets/css/style.css" "Mozilla/5.0 (Windows NT 10.0; Win64; x64; rv:109.0) Gecko/20100101 Firefox/118.0"
185.174.136.114 - - [29/Dec/2023:06:41:29 +0000] "GET /assets/js/cookieconsent.js?_=1703832087106 HTTP/1.1" 200 6958 "https://www.amkamdam.com/" "Mozilla/5.0 (Macintosh; Intel Mac OS X 10_15_7) AppleWebKit/605.1.15 (KHTML, like Gecko) Version/16.4 Safari/605.1.15"
185.174.136.114 - - [29/Dec/2023:06:41:29 +0000] "GET /assets/js/me.js HTTP/1.1" 200 2719 "https://amkamdam.com/news/bitcoin-news/" "Mozilla/5.0 (Macintosh; Intel Mac OS X 10_15_7) AppleWebKit/537.36 (KHTML, like Gecko) Chrome/114.0.0.0 Safari/537.36"
185.174.136.114 - - [29/Dec/2023:06:41:29 +0000] "GET /assets/js/cookieconsent-init.js?_=1703832087107 HTTP/1.1" 200 2293 "https://www.amkamdam.com/" "Mozilla/5.0 (Macintosh; Intel Mac OS X 10_15_7) AppleWebKit/605.1.15 (KHTML, like Gecko) Version/16.4 Safari/605.1.15"
185.174.136.114 - - [29/Dec/2023:06:41:29 +0000] "GET /assets/images/logo.svg HTTP/1.1" 404 15783 "https://amkamdam.com/news/bitcoin-news/" "Mozilla/5.0 (Macintosh; Intel Mac OS X 10_15_7) AppleWebKit/537.36 (KHTML, like Gecko) Chrome/114.0.0.0 Safari/537.36"
185.174.136.114 - - [29/Dec/2023:06:41:29 +0000] "GET /assets/js/cookieconsent.js?_=1703832087887 HTTP/1.1" 200 6958 "https://www.amkamdam.com/" "Mozilla/5.0 (Windows NT 10.0; Win64; x64; rv:109.0) Gecko/20100101 Firefox/118.0"
185.174.136.114 - - [29/Dec/2023:06:41:30 +0000] "GET /assets/js/frontend.js?_=1703832087108 HTTP/1.1" 200 110899 "https://www.amkamdam.com/" "Mozilla/5.0 (Macintosh; Intel Mac OS X 10_15_7) AppleWebKit/605.1.15 (KHTML, like Gecko) Version/16.4 Safari/605.1.15"
185.174.136.114 - - [29/Dec/2023:06:41:30 +0000] "GET /assets/js/cookieconsent-init.js?_=1703832087888 HTTP/1.1" 200 2293 "https://www.amkamdam.com/" "Mozilla/5.0 (Windows NT 10.0; Win64; x64; rv:109.0) Gecko/20100101 Firefox/118.0"
185.174.136.114 - - [29/Dec/2023:06:41:30 +0000] "GET /me-index.html HTTP/1.1" 200 2759 "https://www.amkamdam.com/" "Mozilla/5.0 (Macintosh; Intel Mac OS X 10_15_7) AppleWebKit/605.1.15 (KHTML, like Gecko) Version/16.4 Safari/605.1.15"
185.174.136.114 - - [29/Dec/2023:06:41:30 +0000] "GET /assets/images/logos/amkamdam.com.svg HTTP/1.1" 200 2320 "https://www.amkamdam.com/" "Mozilla/5.0 (Macintosh; Intel Mac OS X 10_15_7) AppleWebKit/605.1.15 (KHTML, like Gecko) Version/16.4 Safari/605.1.15"
185.174.136.114 - - [29/Dec/2023:06:41:30 +0000] "GET /assets/js/frontend.js?_=1703832087889 HTTP/1.1" 200 110899 "https://www.amkamdam.com/" "Mozilla/5.0 (Windows NT 10.0; Win64; x64; rv:109.0) Gecko/20100101 Firefox/118.0"
185.174.136.114 - - [29/Dec/2023:06:41:31 +0000] "GET /assets/images/icons/icon-arrow-right.svg HTTP/1.1" 200 1312 "https://amkamdam.com/assets/css/style.css" "Mozilla/5.0 (Macintosh; Intel Mac OS X 10_15_7) AppleWebKit/537.36 (KHTML, like Gecko) Chrome/114.0.0.0 Safari/537.36"
185.174.136.114 - - [29/Dec/2023:06:41:31 +0000] "GET /assets/images/giphy1.gif HTTP/1.1" 200 9151 "https://amkamdam.com/assets/css/style.css" "Mozilla/5.0 (Macintosh; Intel Mac OS X 10_15_7) AppleWebKit/537.36 (KHTML, like Gecko) Chrome/114.0.0.0 Safari/537.36"
185.174.136.114 - - [29/Dec/2023:06:41:31 +0000] "GET /assets/js/cookieconsent.js?_=1703832089909 HTTP/1.1" 200 10798 "https://amkamdam.com/news/bitcoin-news/" "Mozilla/5.0 (Macintosh; Intel Mac OS X 10_15_7) AppleWebKit/537.36 (KHTML, like Gecko) Chrome/114.0.0.0 Safari/537.36"
185.174.136.114 - - [29/Dec/2023:06:41:31 +0000] "GET /me-index.html HTTP/1.1" 200 2759 "https://www.amkamdam.com/" "Mozilla/5.0 (Windows NT 10.0; Win64; x64; rv:109.0) Gecko/20100101 Firefox/118.0"
185.174.136.114 - - [29/Dec/2023:06:41:31 +0000] "GET /assets/images/logos/amkamdam.com.svg HTTP/1.1" 200 2320 "https://www.amkamdam.com/" "Mozilla/5.0 (Windows NT 10.0; Win64; x64; rv:109.0) Gecko/20100101 Firefox/118.0"
185.174.136.114 - - [29/Dec/2023:06:41:31 +0000] "GET /assets/js/cookieconsent-init.js?_=1703832089910 HTTP/1.1" 200 2293 "https://amkamdam.com/news/bitcoin-news/" "Mozilla/5.0 (Macintosh; Intel Mac OS X 10_15_7) AppleWebKit/537.36 (KHTML, like Gecko) Chrome/114.0.0.0 Safari/537.36"
185.174.136.114 - - [29/Dec/2023:06:41:31 +0000] "GET /assets/images/logo.svg HTTP/1.1" 404 15271 "https://www.amkamdam.com/" "Mozilla/5.0 (Macintosh; Intel Mac OS X 10_15_7) AppleWebKit/605.1.15 (KHTML, like Gecko) Version/16.4 Safari/605.1.15"
185.174.136.114 - - [29/Dec/2023:06:41:31 +0000] "GET /wp-content/themes/cryptonews/assets/js/chunks/7541-ac4c58e4d8004be4.js HTTP/1.1" 404 15271 "https://www.amkamdam.com/" "Mozilla/5.0 (Macintosh; Intel Mac OS X 10_15_7) AppleWebKit/605.1.15 (KHTML, like Gecko) Version/16.4 Safari/605.1.15"
185.174.136.114 - - [29/Dec/2023:06:41:31 +0000] "GET /assets/images/me_banner/300x250-mobile.jpg HTTP/1.1" 200 63107 "https://www.amkamdam.com/" "Mozilla/5.0 (Macintosh; Intel Mac OS X 10_15_7) AppleWebKit/605.1.15 (KHTML, like Gecko) Version/16.4 Safari/605.1.15"
185.174.136.114 - - [29/Dec/2023:06:41:32 +0000] "GET /assets/js/frontend.js?_=1703832089911 HTTP/1.1" 200 110899 "https://amkamdam.com/news/bitcoin-news/" "Mozilla/5.0 (Macintosh; Intel Mac OS X 10_15_7) AppleWebKit/537.36 (KHTML, like Gecko) Chrome/114.0.0.0 Safari/537.36"
185.174.136.114 - - [29/Dec/2023:06:41:32 +0000] "GET /assets/images/me_banner/970x250.jpg HTTP/1.1" 200 46421 "https://www.amkamdam.com/" "Mozilla/5.0 (Macintosh; Intel Mac OS X 10_15_7) AppleWebKit/605.1.15 (KHTML, like Gecko) Version/16.4 Safari/605.1.15"
185.174.136.114 - - [29/Dec/2023:06:41:32 +0000] "GET /wp-content/themes/cryptonews/assets/js/chunks/7541-ac4c58e4d8004be4.js HTTP/1.1" 404 15271 "https://www.amkamdam.com/" "Mozilla/5.0 (Windows NT 10.0; Win64; x64; rv:109.0) Gecko/20100101 Firefox/118.0"
185.174.136.114 - - [29/Dec/2023:06:41:32 +0000] "GET /assets/images/logo.svg HTTP/1.1" 404 15271 "https://www.amkamdam.com/" "Mozilla/5.0 (Windows NT 10.0; Win64; x64; rv:109.0) Gecko/20100101 Firefox/118.0"
185.174.136.114 - - [29/Dec/2023:06:41:32 +0000] "GET /assets/images/me_banner/300x250-mobile.jpg HTTP/1.1" 200 63107 "https://www.amkamdam.com/" "Mozilla/5.0 (Windows NT 10.0; Win64; x64; rv:109.0) Gecko/20100101 Firefox/118.0"
185.174.136.114 - - [29/Dec/2023:06:41:32 +0000] "GET /assets/images/me_banner/300x600.jpg HTTP/1.1" 200 41307 "https://www.amkamdam.com/" "Mozilla/5.0 (Macintosh; Intel Mac OS X 10_15_7) AppleWebKit/605.1.15 (KHTML, like Gecko) Version/16.4 Safari/605.1.15"
185.174.136.114 - - [29/Dec/2023:06:41:32 +0000] "GET /assets/images/me_banner/970x90.jpg HTTP/1.1" 200 111339 "https://www.amkamdam.com/" "Mozilla/5.0 (Macintosh; Intel Mac OS X 10_15_7) AppleWebKit/605.1.15 (KHTML, like Gecko) Version/16.4 Safari/605.1.15"
185.174.136.114 - - [29/Dec/2023:06:41:32 +0000] "GET /assets/images/me_banner/468x60.png HTTP/1.1" 200 19129 "https://www.amkamdam.com/" "Mozilla/5.0 (Macintosh; Intel Mac OS X 10_15_7) AppleWebKit/605.1.15 (KHTML, like Gecko) Version/16.4 Safari/605.1.15"
185.174.136.114 - - [29/Dec/2023:06:41:32 +0000] "GET /me-index.html HTTP/1.1" 200 2759 "https://amkamdam.com/news/bitcoin-news/" "Mozilla/5.0 (Macintosh; Intel Mac OS X 10_15_7) AppleWebKit/537.36 (KHTML, like Gecko) Chrome/114.0.0.0 Safari/537.36"
185.174.136.114 - - [29/Dec/2023:06:41:32 +0000] "GET /assets/images/logos/amkamdam.com.svg HTTP/1.1" 200 1808 "https://amkamdam.com/news/bitcoin-news/" "Mozilla/5.0 (Macintosh; Intel Mac OS X 10_15_7) AppleWebKit/537.36 (KHTML, like Gecko) Chrome/114.0.0.0 Safari/537.36"
185.174.136.114 - - [29/Dec/2023:06:41:33 +0000] "GET /assets/images/me_banner/1160x90.png HTTP/1.1" 200 112903 "https://www.amkamdam.com/" "Mozilla/5.0 (Macintosh; Intel Mac OS X 10_15_7) AppleWebKit/605.1.15 (KHTML, like Gecko) Version/16.4 Safari/605.1.15"
185.174.136.114 - - [29/Dec/2023:06:41:33 +0000] "GET /assets/images/me_banner/970x250.jpg HTTP/1.1" 200 46421 "https://www.amkamdam.com/" "Mozilla/5.0 (Windows NT 10.0; Win64; x64; rv:109.0) Gecko/20100101 Firefox/118.0"
185.174.136.114 - - [29/Dec/2023:06:41:33 +0000] "GET /assets/images/logo.svg HTTP/1.1" 404 15271 "https://amkamdam.com/news/bitcoin-news/" "Mozilla/5.0 (Macintosh; Intel Mac OS X 10_15_7) AppleWebKit/537.36 (KHTML, like Gecko) Chrome/114.0.0.0 Safari/537.36"
185.174.136.114 - - [29/Dec/2023:06:41:33 +0000] "GET /assets/images/me_banner/300x600.jpg HTTP/1.1" 200 41307 "https://www.amkamdam.com/" "Mozilla/5.0 (Windows NT 10.0; Win64; x64; rv:109.0) Gecko/20100101 Firefox/118.0"
185.174.136.114 - - [29/Dec/2023:06:41:33 +0000] "GET /assets/images/me_banner/970x90.jpg HTTP/1.1" 200 111339 "https://www.amkamdam.com/" "Mozilla/5.0 (Windows NT 10.0; Win64; x64; rv:109.0) Gecko/20100101 Firefox/118.0"
185.174.136.114 - - [29/Dec/2023:06:41:33 +0000] "GET /assets/images/me_banner/1160x90.png HTTP/1.1" 200 109063 "https://www.amkamdam.com/" "Mozilla/5.0 (Windows NT 10.0; Win64; x64; rv:109.0) Gecko/20100101 Firefox/118.0"
185.174.136.114 - - [29/Dec/2023:06:41:33 +0000] "GET /assets/images/me_banner/468x60.png HTTP/1.1" 200 19129 "https://www.amkamdam.com/" "Mozilla/5.0 (Windows NT 10.0; Win64; x64; rv:109.0) Gecko/20100101 Firefox/118.0"
185.174.136.114 - - [29/Dec/2023:06:41:33 +0000] "GET /test/click-iframe/a.html HTTP/1.1" 200 664 "-" "Mozilla/5.0 (Macintosh; Intel Mac OS X 10_15_7) AppleWebKit/605.1.15 (KHTML, like Gecko) Version/16.4 Safari/605.1.15"
185.174.136.114 - - [29/Dec/2023:06:41:33 +0000] "GET /assets/images/me_banner/300x250-mobile.jpg HTTP/1.1" 200 59267 "https://amkamdam.com/news/bitcoin-news/" "Mozilla/5.0 (Macintosh; Intel Mac OS X 10_15_7) AppleWebKit/537.36 (KHTML, like Gecko) Chrome/114.0.0.0 Safari/537.36"
185.174.136.114 - - [29/Dec/2023:06:41:33 +0000] "GET /assets/images/me_banner/970x250.jpg HTTP/1.1" 200 46421 "https://amkamdam.com/news/bitcoin-news/" "Mozilla/5.0 (Macintosh; Intel Mac OS X 10_15_7) AppleWebKit/537.36 (KHTML, like Gecko) Chrome/114.0.0.0 Safari/537.36"
185.174.136.114 - - [29/Dec/2023:06:41:33 +0000] "GET /assets/images/me_banner/300x600.jpg HTTP/1.1" 200 40795 "https://amkamdam.com/news/bitcoin-news/" "Mozilla/5.0 (Macintosh; Intel Mac OS X 10_15_7) AppleWebKit/537.36 (KHTML, like Gecko) Chrome/114.0.0.0 Safari/537.36"
185.174.136.114 - - [29/Dec/2023:06:41:34 +0000] "GET /assets/js/cookieconsent.js?_=1703832094022 HTTP/1.1" 200 6958 "https://www.amkamdam.com/test/click-iframe/a.html" "Mozilla/5.0 (Macintosh; Intel Mac OS X 10_15_7) AppleWebKit/605.1.15 (KHTML, like Gecko) Version/16.4 Safari/605.1.15"
185.174.136.114 - - [29/Dec/2023:06:41:34 +0000] "GET /test/click-iframe/b.html HTTP/1.1" 200 38821 "https://www.amkamdam.com/test/click-iframe/a.html" "Mozilla/5.0 (Macintosh; Intel Mac OS X 10_15_7) AppleWebKit/605.1.15 (KHTML, like Gecko) Version/16.4 Safari/605.1.15"
