185.174.136.114 - - [29/Dec/2023:06:41:34 +0000] "GET /assets/images/me_banner/970x90.jpg HTTP/1.1" 200 110827 "https://amkamdam.com/news/bitcoin-news/" "Mozilla/5.0 (Macintosh; Intel Mac OS X 10_15_7) AppleWebKit/537.36 (KHTML, like Gecko) Chrome/114.0.0.0 Safari/537.36"
185.174.136.114 - - [29/Dec/2023:06:41:34 +0000] "GET /assets/images/me_banner/468x60.png HTTP/1.1" 200 15289 "https://amkamdam.com/news/bitcoin-news/" "Mozilla/5.0 (Macintosh; Intel Mac OS X 10_15_7) AppleWebKit/537.36 (KHTML, like Gecko) Chrome/114.0.0.0 Safari/537.36"
185.174.136.114 - - [29/Dec/2023:06:41:34 +0000] "GET /assets/images/me_banner/1160x90.png HTTP/1.1" 200 109063 "https://amkamdam.com/news/bitcoin-news/" "Mozilla/5.0 (Macintosh; Intel Mac OS X 10_15_7) AppleWebKit/537.36 (KHTML, like Gecko) Chrome/114.0.0.0 Safari/537.36"
185.174.136.114 - - [29/Dec/2023:06:41:34 +0000] "GET /assets/js/cookieconsent-init.js?_=1703832094023 HTTP/1.1" 200 2293 "https://www.amkamdam.com/test/click-iframe/a.html" "Mozilla/5.0 (Macintosh; Intel Mac OS X 10_15_7) AppleWebKit/605.1.15 (KHTML, like Gecko) Version/16.4 Safari/605.1.15"
185.174.136.114 - - [29/Dec/2023:06:41:35 +0000] "GET /assets/js/frontend.js?_=1703832094024 HTTP/1.1" 200 110899 "https://www.amkamdam.com/test/click-iframe/a.html" "Mozilla/5.0 (Macintosh; Intel Mac OS X 10_15_7) AppleWebKit/605.1.15 (KHTML, like Gecko) Version/16.4 Safari/605.1.15"
185.174.136.114 - - [29/Dec/2023:06:41:35 +0000] "GET /news/ HTTP/1.1" 200 29502 "-" "Mozilla/5.0 (Windows NT 10.0; Win64; x64; rv:109.0) Gecko/20100101 Firefox/118.0"
185.220.100.250 - - [29/Dec/2023:06:41:35 +0000] "GET /test/click-iframe/a.html HTTP/1.1" 200 4504 "-" "Mozilla/5.0 (Macintosh; Intel Mac OS X 10_15_7) AppleWebKit/537.36 (KHTML, like Gecko) Chrome/114.0.0.0 Safari/537.36"
185.220.100.250 - - [29/Dec/2023:06:41:36 +0000] "GET /assets/js/me.js HTTP/1.1" 200 2719 "https://www.amkamdam.com/test/click-iframe/a.html" "Mozilla/5.0 (Macintosh; Intel Mac OS X 10_15_7) AppleWebKit/537.36 (KHTML, like Gecko) Chrome/114.0.0.0 Safari/537.36"
185.174.136.114 - - [29/Dec/2023:06:41:36 +0000] "GET /assets/css/style.css HTTP/1.1" 200 17067 "https://amkamdam.com/news/" "Mozilla/5.0 (Windows NT 10.0; Win64; x64; rv:109.0) Gecko/20100101 Firefox/118.0"
185.220.100.250 - - [29/Dec/2023:06:41:36 +0000] "GET /assets/css/style.css HTTP/1.1" 200 17067 "https://www.amkamdam.com/test/click-iframe/a.html" "Mozilla/5.0 (Macintosh; Intel Mac OS X 10_15_7) AppleWebKit/537.36 (KHTML, like Gecko) Chrome/114.0.0.0 Safari/537.36"
185.220.100.250 - - [29/Dec/2023:06:41:36 +0000] "GET /assets/js/me.js HTTP/1.1" 200 3231 "https://amkamdam.com/news/" "Mozilla/5.0 (Windows NT 10.0; Win64; x64; rv:109.0) Gecko/20100101 Firefox/118.0"
185.220.100.250 - - [29/Dec/2023:06:41:36 +0000] "GET /assets/images/logo.svg HTTP/1.1" 404 15783 "https://amkamdam.com/news/" "Mozilla/5.0 (Windows NT 10.0; Win64; x64; rv:109.0) Gecko/20100101 Firefox/118.0"
185.220.100.250 - - [29/Dec/2023:06:41:36 +0000] "GET /assets/js/cookieconsent.js?_=1703832095815 HTTP/1.1" 200 7470 "https://www.amkamdam.com/test/click-iframe/a.html" "Mozilla/5.0 (Macintosh; Intel Mac OS X 10_15_7) AppleWebKit/537.36 (KHTML, like Gecko) Chrome/114.0.0.0 Safari/537.36"
185.220.100.250 - - [29/Dec/2023:06:41:36 +0000] "GET /test/click-iframe/b.html HTTP/1.1" 200 38821 "https://www.amkamdam.com/test/click-iframe/a.html" "Mozilla/5.0 (Macintosh; Intel Mac OS X 10_15_7) AppleWebKit/537.36 (KHTML, like Gecko) Chrome/114.0.0.0 Safari/537.36"
185.220.100.250 - - [29/Dec/2023:06:41:37 +0000] "GET /assets/images/giphy1.gif HTTP/1.1" 200 9151 "https://amkamdam.com/assets/css/style.css" "Mozilla/5.0 (Windows NT 10.0; Win64; x64; rv:109.0) Gecko/20100101 Firefox/118.0"
185.174.136.114 - - [29/Dec/2023:06:41:37 +0000] "GET /assets/images/icons/icon-arrow-right.svg HTTP/1.1" 200 800 "https://amkamdam.com/assets/css/style.css" "Mozilla/5.0 (Windows NT 10.0; Win64; x64; rv:109.0) Gecko/20100101 Firefox/118.0"
185.220.100.250 - - [29/Dec/2023:06:41:37 +0000] "GET /assets/js/cookieconsent-init.js?_=1703832095816 HTTP/1.1" 200 2293 "https://www.amkamdam.com/test/click-iframe/a.html" "Mozilla/5.0 (Macintosh; Intel Mac OS X 10_15_7) AppleWebKit/537.36 (KHTML, like Gecko) Chrome/114.0.0.0 Safari/537.36"
185.220.100.250 - - [29/Dec/2023:06:41:37 +0000] "GET /assets/js/cookieconsent.js?_=1703832096092 HTTP/1.1" 200 6958 "https://amkamdam.com/news/" "Mozilla/5.0 (Windows NT 10.0; Win64; x64; rv:109.0) Gecko/20100101 Firefox/118.0"
185.220.100.250 - - [29/Dec/2023:06:41:38 +0000] "GET /assets/js/frontend.js?_=1703832095817 HTTP/1.1" 200 110899 "https://www.amkamdam.com/test/click-iframe/a.html" "Mozilla/5.0 (Macintosh; Intel Mac OS X 10_15_7) AppleWebKit/537.36 (KHTML, like Gecko) Chrome/114.0.0.0 Safari/537.36"
185.220.100.250 - - [29/Dec/2023:06:41:38 +0000] "GET /assets/js/cookieconsent-init.js?_=1703832096093 HTTP/1.1" 200 2293 "https://amkamdam.com/news/" "Mozilla/5.0 (Windows NT 10.0; Win64; x64; rv:109.0) Gecko/20100101 Firefox/118.0"
185.174.136.114 - - [29/Dec/2023:06:41:38 +0000] "GET /assets/js/cookieconsent.js?_=1703832095576 HTTP/1.1" 200 6958 "https://www.amkamdam.com/test/click-iframe/b.html" "Mozilla/5.0 (Macintosh; Intel Mac OS X 10_15_7) AppleWebKit/605.1.15 (KHTML, like Gecko) Version/16.4 Safari/605.1.15"
185.220.100.250 - - [29/Dec/2023:06:41:39 +0000] "GET /assets/js/frontend.js?_=1703832096094 HTTP/1.1" 200 110899 "https://amkamdam.com/news/" "Mozilla/5.0 (Windows NT 10.0; Win64; x64; rv:109.0) Gecko/20100101 Firefox/118.0"
185.174.136.114 - - [29/Dec/2023:06:41:39 +0000] "GET /assets/js/cookieconsent-init.js?_=1703832095577 HTTP/1.1" 200 2293 "https://www.amkamdam.com/test/click-iframe/b.html" "Mozilla/5.0 (Macintosh; Intel Mac OS X 10_15_7) AppleWebKit/605.1.15 (KHTML, like Gecko) Version/16.4 Safari/605.1.15"
185.220.100.250 - - [29/Dec/2023:06:41:39 +0000] "GET /me-index.html HTTP/1.1" 200 2759 "https://amkamdam.com/news/" "Mozilla/5.0 (Windows NT 10.0; Win64; x64; rv:109.0) Gecko/20100101 Firefox/118.0"
185.174.136.114 - - [29/Dec/2023:06:41:39 +0000] "GET /assets/images/logos/amkamdam.com.svg HTTP/1.1" 200 1808 "https://amkamdam.com/news/" "Mozilla/5.0 (Windows NT 10.0; Win64; x64; rv:109.0) Gecko/20100101 Firefox/118.0"
185.174.136.114 - - [29/Dec/2023:06:41:39 +0000] "GET /assets/js/frontend.js?_=1703832095578 HTTP/1.1" 200 110899 "https://www.amkamdam.com/test/click-iframe/b.html" "Mozilla/5.0 (Macintosh; Intel Mac OS X 10_15_7) AppleWebKit/605.1.15 (KHTML, like Gecko) Version/16.4 Safari/605.1.15"
185.220.100.250 - - [29/Dec/2023:06:41:40 +0000] "GET /assets/images/logo.svg HTTP/1.1" 404 15271 "https://amkamdam.com/news/" "Mozilla/5.0 (Windows NT 10.0; Win64; x64; rv:109.0) Gecko/20100101 Firefox/118.0"
185.220.100.250 - - [29/Dec/2023:06:41:40 +0000] "GET /assets/images/me_banner/300x250-mobile.jpg HTTP/1.1" 200 59267 "https://amkamdam.com/news/" "Mozilla/5.0 (Windows NT 10.0; Win64; x64; rv:109.0) Gecko/20100101 Firefox/118.0"
185.220.100.250 - - [29/Dec/2023:06:41:40 +0000] "GET /assets/images/me_banner/970x250.jpg HTTP/1.1" 200 46421 "https://amkamdam.com/news/" "Mozilla/5.0 (Windows NT 10.0; Win64; x64; rv:109.0) Gecko/20100101 Firefox/118.0"
185.220.100.250 - - [29/Dec/2023:06:41:40 +0000] "GET /assets/images/me_banner/300x600.jpg HTTP/1.1" 200 44635 "https://amkamdam.com/news/" "Mozilla/5.0 (Windows NT 10.0; Win64; x64; rv:109.0) Gecko/20100101 Firefox/118.0"
185.220.100.250 - - [29/Dec/2023:06:41:40 +0000] "GET /assets/images/me_banner/970x90.jpg HTTP/1.1" 200 110827 "https://amkamdam.com/news/" "Mozilla/5.0 (Windows NT 10.0; Win64; x64; rv:109.0) Gecko/20100101 Firefox/118.0"
185.174.136.114 - - [29/Dec/2023:06:41:40 +0000] "GET /assets/images/me_banner/468x60.png HTTP/1.1" 200 15289 "https://amkamdam.com/news/" "Mozilla/5.0 (Windows NT 10.0; Win64; x64; rv:109.0) Gecko/20100101 Firefox/118.0"
185.220.100.250 - - [29/Dec/2023:06:41:41 +0000] "GET /assets/images/me_banner/1160x90.png HTTP/1.1" 200 109063 "https://amkamdam.com/news/" "Mozilla/5.0 (Windows NT 10.0; Win64; x64; rv:109.0) Gecko/20100101 Firefox/118.0"
185.220.100.250 - - [29/Dec/2023:06:41:42 +0000] "GET /assets/js/cookieconsent.js?_=1703832098946 HTTP/1.1" 200 6958 "https://www.amkamdam.com/test/click-iframe/b.html" "Mozilla/5.0 (Macintosh; Intel Mac OS X 10_15_7) AppleWebKit/537.36 (KHTML, like Gecko) Chrome/114.0.0.0 Safari/537.36"
185.220.100.250 - - [29/Dec/2023:06:41:42 +0000] "GET /assets/js/cookieconsent-init.js?_=1703832098947 HTTP/1.1" 200 2293 "https://www.amkamdam.com/test/click-iframe/b.html" "Mozilla/5.0 (Macintosh; Intel Mac OS X 10_15_7) AppleWebKit/537.36 (KHTML, like Gecko) Chrome/114.0.0.0 Safari/537.36"
185.220.100.250 - - [29/Dec/2023:06:41:43 +0000] "GET /assets/js/frontend.js?_=1703832098948 HTTP/1.1" 200 110899 "https://www.amkamdam.com/test/click-iframe/b.html" "Mozilla/5.0 (Macintosh; Intel Mac OS X 10_15_7) AppleWebKit/537.36 (KHTML, like Gecko) Chrome/114.0.0.0 Safari/537.36"
185.174.136.114 - - [29/Dec/2023:06:41:43 +0000] "GET /test/click-iframe/a.html HTTP/1.1" 200 4504 "-" "Mozilla/5.0 (Windows NT 10.0; Win64; x64; rv:109.0) Gecko/20100101 Firefox/118.0"
185.174.136.114 - - [29/Dec/2023:06:41:44 +0000] "GET /assets/js/cookieconsent.js?_=1703832103810 HTTP/1.1" 200 10798 "https://www.amkamdam.com/test/click-iframe/a.html" "Mozilla/5.0 (Windows NT 10.0; Win64; x64; rv:109.0) Gecko/20100101 Firefox/118.0"
185.174.136.114 - - [29/Dec/2023:06:41:44 +0000] "GET /test/click-iframe/b.html HTTP/1.1" 200 38821 "https://www.amkamdam.com/test/click-iframe/a.html" "Mozilla/5.0 (Windows NT 10.0; Win64; x64; rv:109.0) Gecko/20100101 Firefox/118.0"
185.174.136.114 - - [29/Dec/2023:06:41:44 +0000] "GET /test/click-iframe/c.html HTTP/1.1" 200 575 "https://www.amkamdam.com/test/click-iframe/b.html" "Mozilla/5.0 (Macintosh; Intel Mac OS X 10_15_7) AppleWebKit/605.1.15 (KHTML, like Gecko) Version/16.4 Safari/605.1.15"
185.220.100.250 - - [29/Dec/2023:06:41:44 +0000] "GET /test/click-iframe/c.html HTTP/1.1" 200 575 "https://www.amkamdam.com/test/click-iframe/b.html" "Mozilla/5.0 (Macintosh; Intel Mac OS X 10_15_7) AppleWebKit/537.36 (KHTML, like Gecko) Chrome/114.0.0.0 Safari/537.36"
185.174.136.114 - - [29/Dec/2023:06:41:44 +0000] "GET /assets/js/cookieconsent-init.js?_=1703832103811 HTTP/1.1" 200 2293 "https://www.amkamdam.com/test/click-iframe/a.html" "Mozilla/5.0 (Windows NT 10.0; Win64; x64; rv:109.0) Gecko/20100101 Firefox/118.0"
185.220.100.250 - - [29/Dec/2023:06:41:45 +0000] "GET /assets/js/cookieconsent.js?_=1703832104820 HTTP/1.1" 200 6958 "https://www.amkamdam.com/test/click-iframe/c.html" "Mozilla/5.0 (Macintosh; Intel Mac OS X 10_15_7) AppleWebKit/537.36 (KHTML, like Gecko) Chrome/114.0.0.0 Safari/537.36"
185.174.136.114 - - [29/Dec/2023:06:41:45 +0000] "GET /assets/js/cookieconsent.js?_=1703832104819 HTTP/1.1" 200 6958 "https://www.amkamdam.com/test/click-iframe/c.html" "Mozilla/5.0 (Macintosh; Intel Mac OS X 10_15_7) AppleWebKit/605.1.15 (KHTML, like Gecko) Version/16.4 Safari/605.1.15"
185.174.136.114 - - [29/Dec/2023:06:41:45 +0000] "GET /assets/js/frontend.js?_=1703832103812 HTTP/1.1" 200 110899 "https://www.amkamdam.com/test/click-iframe/a.html" "Mozilla/5.0 (Windows NT 10.0; Win64; x64; rv:109.0) Gecko/20100101 Firefox/118.0"
185.220.100.250 - - [29/Dec/2023:06:41:45 +0000] "GET /assets/js/cookieconsent-init.js?_=1703832104821 HTTP/1.1" 200 2293 "https://www.amkamdam.com/test/click-iframe/c.html" "Mozilla/5.0 (Macintosh; Intel Mac OS X 10_15_7) AppleWebKit/537.36 (KHTML, like Gecko) Chrome/114.0.0.0 Safari/537.36"
185.220.100.250 - - [29/Dec/2023:06:41:45 +0000] "GET /assets/js/frontend.js?_=1703832104822 HTTP/1.1" 200 110899 "https://www.amkamdam.com/test/click-iframe/c.html" "Mozilla/5.0 (Macintosh; Intel Mac OS X 10_15_7) AppleWebKit/537.36 (KHTML, like Gecko) Chrome/114.0.0.0 Safari/537.36"
185.174.136.114 - - [29/Dec/2023:06:41:46 +0000] "GET /assets/js/cookieconsent-init.js?_=1703832104820 HTTP/1.1" 200 2293 "https://www.amkamdam.com/test/click-iframe/c.html" "Mozilla/5.0 (Macintosh; Intel Mac OS X 10_15_7) AppleWebKit/605.1.15 (KHTML, like Gecko) Version/16.4 Safari/605.1.15"
185.174.136.114 - - [29/Dec/2023:06:41:46 +0000] "GET /assets/js/frontend.js?_=1703832104821 HTTP/1.1" 200 110899 "https://www.amkamdam.com/test/click-iframe/c.html" "Mozilla/5.0 (Macintosh; Intel Mac OS X 10_15_7) AppleWebKit/605.1.15 (KHTML, like Gecko) Version/16.4 Safari/605.1.15"
185.220.101.87 - - [29/Dec/2023:06:41:47 +0000] "GET /news/bitcoin-news/ HTTP/1.1" 200 29035 "-" "Mozilla/5.0 (Windows NT 10.0; rv:109.0) Gecko/20100101 Firefox/118.0"
185.220.101.87 - - [29/Dec/2023:06:41:47 +0000] "GET /assets/css/style.css HTTP/1.1" 200 17067 "https://amkamdam.com/news/bitcoin-news/" "Mozilla/5.0 (Windows NT 10.0; rv:109.0) Gecko/20100101 Firefox/118.0"
185.174.136.114 - - [29/Dec/2023:06:41:47 +0000] "GET /assets/js/cookieconsent.js?_=1703832106028 HTTP/1.1" 200 6958 "https://www.amkamdam.com/test/click-iframe/b.html" "Mozilla/5.0 (Windows NT 10.0; Win64; x64; rv:109.0) Gecko/20100101 Firefox/118.0"
185.220.101.87 - - [29/Dec/2023:06:41:48 +0000] "GET /assets/js/me.js HTTP/1.1" 200 2719 "https://amkamdam.com/news/bitcoin-news/" "Mozilla/5.0 (Windows NT 10.0; rv:109.0) Gecko/20100101 Firefox/118.0"
185.220.101.87 - - [29/Dec/2023:06:41:48 +0000] "GET /assets/images/logo.svg HTTP/1.1" 404 15783 "https://amkamdam.com/news/bitcoin-news/" "Mozilla/5.0 (Windows NT 10.0; rv:109.0) Gecko/20100101 Firefox/118.0"
185.220.101.87 - - [29/Dec/2023:06:41:48 +0000] "GET / HTTP/1.1" 200 45947 "-" "Mozilla/5.0 (X11; Linux x86_64) AppleWebKit/537.36 (KHTML, like Gecko) Chrome/116.0.0.0 Safari/537.36"
185.174.136.114 - - [29/Dec/2023:06:41:48 +0000] "GET /assets/js/cookieconsent-init.js?_=1703832106029 HTTP/1.1" 200 2293 "https://www.amkamdam.com/test/click-iframe/b.html" "Mozilla/5.0 (Windows NT 10.0; Win64; x64; rv:109.0) Gecko/20100101 Firefox/118.0"
185.220.101.87 - - [29/Dec/2023:06:41:48 +0000] "GET /assets/css/style.css HTTP/1.1" 200 17067 "https://www.amkamdam.com/" "Mozilla/5.0 (X11; Linux x86_64) AppleWebKit/537.36 (KHTML, like Gecko) Chrome/116.0.0.0 Safari/537.36"
185.220.101.87 - - [29/Dec/2023:06:41:48 +0000] "GET /assets/js/me.js HTTP/1.1" 200 2719 "https://www.amkamdam.com/" "Mozilla/5.0 (X11; Linux x86_64) AppleWebKit/537.36 (KHTML, like Gecko) Chrome/116.0.0.0 Safari/537.36"
185.220.101.87 - - [29/Dec/2023:06:41:49 +0000] "GET /assets/images/logo.svg HTTP/1.1" 404 15783 "https://www.amkamdam.com/" "Mozilla/5.0 (X11; Linux x86_64) AppleWebKit/537.36 (KHTML, like Gecko) Chrome/116.0.0.0 Safari/537.36"
185.174.136.114 - - [29/Dec/2023:06:41:49 +0000] "GET /assets/js/frontend.js?_=1703832106030 HTTP/1.1" 200 110899 "https://www.amkamdam.com/test/click-iframe/b.html" "Mozilla/5.0 (Windows NT 10.0; Win64; x64; rv:109.0) Gecko/20100101 Firefox/118.0"
185.220.101.87 - - [29/Dec/2023:06:41:49 +0000] "GET /assets/images/icons/icon-arrow-right.svg HTTP/1.1" 200 800 "https://amkamdam.com/assets/css/style.css" "Mozilla/5.0 (Windows NT 10.0; rv:109.0) Gecko/20100101 Firefox/118.0"
185.220.101.87 - - [29/Dec/2023:06:41:49 +0000] "GET /assets/images/giphy1.gif HTTP/1.1" 200 9151 "https://amkamdam.com/assets/css/style.css" "Mozilla/5.0 (Windows NT 10.0; rv:109.0) Gecko/20100101 Firefox/118.0"
185.220.101.87 - - [29/Dec/2023:06:41:49 +0000] "GET /assets/js/cookieconsent.js?_=1703832108344 HTTP/1.1" 200 7470 "https://amkamdam.com/news/bitcoin-news/" "Mozilla/5.0 (Windows NT 10.0; rv:109.0) Gecko/20100101 Firefox/118.0"
185.220.101.87 - - [29/Dec/2023:06:41:49 +0000] "GET /assets/js/cookieconsent-init.js?_=1703832108345 HTTP/1.1" 200 2293 "https://amkamdam.com/news/bitcoin-news/" "Mozilla/5.0 (Windows NT 10.0; rv:109.0) Gecko/20100101 Firefox/118.0"
185.220.101.87 - - [29/Dec/2023:06:41:49 +0000] "GET /assets/js/frontend.js?_=1703832108346 HTTP/1.1" 200 110899 "https://amkamdam.com/news/bitcoin-news/" "Mozilla/5.0 (Windows NT 10.0; rv:109.0) Gecko/20100101 Firefox/118.0"
185.220.101.87 - - [29/Dec/2023:06:41:49 +0000] "GET /assets/images/logos/amkamdam.com.svg HTTP/1.1" 200 1808 "https://amkamdam.com/news/bitcoin-news/" "Mozilla/5.0 (Windows NT 10.0; rv:109.0) Gecko/20100101 Firefox/118.0"
185.220.101.87 - - [29/Dec/2023:06:41:49 +0000] "GET /me-index.html HTTP/1.1" 200 2759 "https://amkamdam.com/news/bitcoin-news/" "Mozilla/5.0 (Windows NT 10.0; rv:109.0) Gecko/20100101 Firefox/118.0"
185.220.101.87 - - [29/Dec/2023:06:41:49 +0000] "GET /assets/images/giphy1.gif HTTP/1.1" 200 9151 "https://www.amkamdam.com/assets/css/style.css" "Mozilla/5.0 (X11; Linux x86_64) AppleWebKit/537.36 (KHTML, like Gecko) Chrome/116.0.0.0 Safari/537.36"
185.220.101.87 - - [29/Dec/2023:06:41:50 +0000] "GET /assets/js/cookieconsent.js?_=1703832109187 HTTP/1.1" 200 6958 "https://www.amkamdam.com/" "Mozilla/5.0 (X11; Linux x86_64) AppleWebKit/537.36 (KHTML, like Gecko) Chrome/116.0.0.0 Safari/537.36"
185.220.101.87 - - [29/Dec/2023:06:41:50 +0000] "GET /assets/images/logo.svg HTTP/1.1" 404 15271 "https://amkamdam.com/news/bitcoin-news/" "Mozilla/5.0 (Windows NT 10.0; rv:109.0) Gecko/20100101 Firefox/118.0"
185.220.101.87 - - [29/Dec/2023:06:41:50 +0000] "GET /assets/images/me_banner/300x600.jpg HTTP/1.1" 200 44635 "https://amkamdam.com/news/bitcoin-news/" "Mozilla/5.0 (Windows NT 10.0; rv:109.0) Gecko/20100101 Firefox/118.0"
185.220.101.87 - - [29/Dec/2023:06:41:50 +0000] "GET /assets/images/me_banner/970x250.jpg HTTP/1.1" 200 46421 "https://amkamdam.com/news/bitcoin-news/" "Mozilla/5.0 (Windows NT 10.0; rv:109.0) Gecko/20100101 Firefox/118.0"
185.220.101.87 - - [29/Dec/2023:06:41:50 +0000] "GET /assets/images/me_banner/300x250-mobile.jpg HTTP/1.1" 200 59267 "https://amkamdam.com/news/bitcoin-news/" "Mozilla/5.0 (Windows NT 10.0; rv:109.0) Gecko/20100101 Firefox/118.0"
185.220.101.87 - - [29/Dec/2023:06:41:50 +0000] "GET /assets/js/cookieconsent-init.js?_=1703832109188 HTTP/1.1" 200 2293 "https://www.amkamdam.com/" "Mozilla/5.0 (X11; Linux x86_64) AppleWebKit/537.36 (KHTML, like Gecko) Chrome/116.0.0.0 Safari/537.36"
185.220.101.87 - - [29/Dec/2023:06:41:50 +0000] "GET /assets/images/me_banner/970x90.jpg HTTP/1.1" 200 110827 "https://amkamdam.com/news/bitcoin-news/" "Mozilla/5.0 (Windows NT 10.0; rv:109.0) Gecko/20100101 Firefox/118.0"
185.220.101.87 - - [29/Dec/2023:06:41:50 +0000] "GET /assets/images/me_banner/468x60.png HTTP/1.1" 200 15289 "https://amkamdam.com/news/bitcoin-news/" "Mozilla/5.0 (Windows NT 10.0; rv:109.0) Gecko/20100101 Firefox/118.0"
185.220.101.87 - - [29/Dec/2023:06:41:50 +0000] "GET /assets/images/me_banner/1160x90.png HTTP/1.1" 200 109063 "https://amkamdam.com/news/bitcoin-news/" "Mozilla/5.0 (Windows NT 10.0; rv:109.0) Gecko/20100101 Firefox/118.0"
185.220.101.87 - - [29/Dec/2023:06:41:50 +0000] "GET /assets/js/frontend.js?_=1703832109189 HTTP/1.1" 200 110899 "https://www.amkamdam.com/" "Mozilla/5.0 (X11; Linux x86_64) AppleWebKit/537.36 (KHTML, like Gecko) Chrome/116.0.0.0 Safari/537.36"
185.174.136.114 - - [29/Dec/2023:06:41:50 +0000] "GET /test/click-iframe/c.html HTTP/1.1" 200 575 "https://www.amkamdam.com/test/click-iframe/b.html" "Mozilla/5.0 (Windows NT 10.0; Win64; x64; rv:109.0) Gecko/20100101 Firefox/118.0"
185.220.101.87 - - [29/Dec/2023:06:41:50 +0000] "GET /me-index.html HTTP/1.1" 200 2759 "https://www.amkamdam.com/" "Mozilla/5.0 (X11; Linux x86_64) AppleWebKit/537.36 (KHTML, like Gecko) Chrome/116.0.0.0 Safari/537.36"
185.220.101.87 - - [29/Dec/2023:06:41:50 +0000] "GET /assets/images/logos/amkamdam.com.svg HTTP/1.1" 200 1808 "https://www.amkamdam.com/" "Mozilla/5.0 (X11; Linux x86_64) AppleWebKit/537.36 (KHTML, like Gecko) Chrome/116.0.0.0 Safari/537.36"
185.220.101.87 - - [29/Dec/2023:06:41:50 +0000] "GET /wp-content/themes/cryptonews/assets/js/chunks/7541-ac4c58e4d8004be4.js HTTP/1.1" 404 15783 "https://www.amkamdam.com/" "Mozilla/5.0 (X11; Linux x86_64) AppleWebKit/537.36 (KHTML, like Gecko) Chrome/116.0.0.0 Safari/537.36"
185.220.101.87 - - [29/Dec/2023:06:41:50 +0000] "GET /assets/images/logo.svg HTTP/1.1" 404 15271 "https://www.amkamdam.com/" "Mozilla/5.0 (X11; Linux x86_64) AppleWebKit/537.36 (KHTML, like Gecko) Chrome/116.0.0.0 Safari/537.36"
185.220.101.87 - - [29/Dec/2023:06:41:50 +0000] "GET /assets/images/me_banner/300x250-mobile.jpg HTTP/1.1" 200 63107 "https://www.amkamdam.com/" "Mozilla/5.0 (X11; Linux x86_64) AppleWebKit/537.36 (KHTML, like Gecko) Chrome/116.0.0.0 Safari/537.36"
185.220.101.87 - - [29/Dec/2023:06:41:50 +0000] "GET /assets/images/me_banner/970x250.jpg HTTP/1.1" 200 46421 "https://www.amkamdam.com/" "Mozilla/5.0 (X11; Linux x86_64) AppleWebKit/537.36 (KHTML, like Gecko) Chrome/116.0.0.0 Safari/537.36"
185.174.136.114 - - [29/Dec/2023:06:41:50 +0000] "GET /assets/js/cookieconsent.js?_=1703832110754 HTTP/1.1" 200 6958 "https://www.amkamdam.com/test/click-iframe/c.html" "Mozilla/5.0 (Windows NT 10.0; Win64; x64; rv:109.0) Gecko/20100101 Firefox/118.0"
185.220.101.87 - - [29/Dec/2023:06:41:51 +0000] "GET /test/click-iframe/a.html HTTP/1.1" 200 4504 "-" "Mozilla/5.0 (Windows NT 10.0; rv:109.0) Gecko/20100101 Firefox/118.0"
185.220.101.87 - - [29/Dec/2023:06:41:51 +0000] "GET /assets/images/me_banner/300x600.jpg HTTP/1.1" 200 40795 "https://www.amkamdam.com/" "Mozilla/5.0 (X11; Linux x86_64) AppleWebKit/537.36 (KHTML, like Gecko) Chrome/116.0.0.0 Safari/537.36"
185.220.101.87 - - [29/Dec/2023:06:41:51 +0000] "GET /assets/images/me_banner/970x90.jpg HTTP/1.1" 200 110827 "https://www.amkamdam.com/" "Mozilla/5.0 (X11; Linux x86_64) AppleWebKit/537.36 (KHTML, like Gecko) Chrome/116.0.0.0 Safari/537.36"
185.220.101.87 - - [29/Dec/2023:06:41:51 +0000] "GET /assets/images/me_banner/468x60.png HTTP/1.1" 200 15289 "https://www.amkamdam.com/" "Mozilla/5.0 (X11; Linux x86_64) AppleWebKit/537.36 (KHTML, like Gecko) Chrome/116.0.0.0 Safari/537.36"
185.220.101.87 - - [29/Dec/2023:06:41:51 +0000] "GET /assets/js/me.js HTTP/1.1" 200 2719 "https://www.amkamdam.com/test/click-iframe/a.html" "Mozilla/5.0 (Windows NT 10.0; rv:109.0) Gecko/20100101 Firefox/118.0"
185.220.101.87 - - [29/Dec/2023:06:41:51 +0000] "GET /assets/images/me_banner/1160x90.png HTTP/1.1" 200 109575 "https://www.amkamdam.com/" "Mozilla/5.0 (X11; Linux x86_64) AppleWebKit/537.36 (KHTML, like Gecko) Chrome/116.0.0.0 Safari/537.36"
185.174.136.114 - - [29/Dec/2023:06:41:51 +0000] "GET /assets/js/cookieconsent-init.js?_=1703832110755 HTTP/1.1" 200 2293 "https://www.amkamdam.com/test/click-iframe/c.html" "Mozilla/5.0 (Windows NT 10.0; Win64; x64; rv:109.0) Gecko/20100101 Firefox/118.0"
185.220.101.87 - - [29/Dec/2023:06:41:51 +0000] "GET /assets/css/style.css HTTP/1.1" 200 17067 "https://www.amkamdam.com/test/click-iframe/a.html" "Mozilla/5.0 (Windows NT 10.0; rv:109.0) Gecko/20100101 Firefox/118.0"
185.220.101.87 - - [29/Dec/2023:06:41:51 +0000] "GET /assets/js/cookieconsent.js?_=1703832111100 HTTP/1.1" 200 7470 "https://www.amkamdam.com/test/click-iframe/a.html" "Mozilla/5.0 (Windows NT 10.0; rv:109.0) Gecko/20100101 Firefox/118.0"
185.220.101.87 - - [29/Dec/2023:06:41:51 +0000] "GET /test/click-iframe/b.html HTTP/1.1" 200 38821 "https://www.amkamdam.com/test/click-iframe/a.html" "Mozilla/5.0 (Windows NT 10.0; rv:109.0) Gecko/20100101 Firefox/118.0"
185.220.101.87 - - [29/Dec/2023:06:41:51 +0000] "GET /assets/js/cookieconsent-init.js?_=1703832111101 HTTP/1.1" 200 2293 "https://www.amkamdam.com/test/click-iframe/a.html" "Mozilla/5.0 (Windows NT 10.0; rv:109.0) Gecko/20100101 Firefox/118.0"
root@ubuntu:/home/al#
